test_data_partition_geometry_identity_and_number_independence (tests.test_production_storage.RootResolver.test_data_partition_geometry_identity_and_number_independence) ... ok
test_exact_internal_geometry_without_fixed_number (tests.test_production_storage.RootResolver.test_exact_internal_geometry_without_fixed_number) ... ok
test_full_physical_disk_capacity (tests.test_production_storage.RootResolver.test_full_physical_disk_capacity) ... ok
test_mismatched_capacity (tests.test_production_storage.RootResolver.test_mismatched_capacity) ... ok
test_removable_clone_never_selected (tests.test_production_storage.RootResolver.test_removable_clone_never_selected) ... ok
test_shifted_partition (tests.test_production_storage.RootResolver.test_shifted_partition) ... ok
test_wrong_identity_and_duplicates (tests.test_production_storage.RootResolver.test_wrong_identity_and_duplicates) ... ok
test_wrong_size (tests.test_production_storage.RootResolver.test_wrong_size) ... ok
test_ext_csd_cannot_select_boot_rpmb_or_change_boot_config (tests.test_production_storage.StorageGuard.test_ext_csd_cannot_select_boot_rpmb_or_change_boot_config) ... ok
test_real_request_guard_completes_hsq_rejections (tests.test_production_storage.StorageGuard.test_real_request_guard_completes_hsq_rejections) ... ok
test_write_bounds_and_protected_exclusions (tests.test_production_storage.StorageGuard.test_write_bounds_and_protected_exclusions) ... ok
test_boot_only_profile_preserves_all_stock_fields (tests.test_production_storage.Transport.test_boot_only_profile_preserves_all_stock_fields) ... ok
test_classified_partitions_and_target_math (tests.test_production_storage.Transport.test_classified_partitions_and_target_math) ... ok
test_sparse_defined_bytes_and_truncation (tests.test_production_storage.Transport.test_sparse_defined_bytes_and_truncation) ... ok
test_spft_scatter_maps_raw_images_only (tests.test_production_storage.Transport.test_spft_scatter_maps_raw_images_only) ... ok
test_explicit_rescue_never_mounts_a_filesystem (tests.test_production_handover.Handover.test_explicit_rescue_never_mounts_a_filesystem) ... ok
test_failed_exec_restores_mounts_and_enters_rescue (tests.test_production_handover.Handover.test_failed_exec_restores_mounts_and_enters_rescue) ... ok
test_failed_mount_move_rolls_back_before_rescue (tests.test_production_handover.Handover.test_failed_mount_move_rolls_back_before_rescue) ... ok
test_missing_identity_schema_and_fsck_stay_in_rescue (tests.test_production_handover.Handover.test_missing_identity_schema_and_fsck_stay_in_rescue) ... ok
test_no_sd_root_data_mounts_then_switch_root (tests.test_production_handover.Handover.test_no_sd_root_data_mounts_then_switch_root) ... ok
test_preserve_data_and_first_install_have_distinct_expectations (tests.test_readback_profiles.Readback.test_preserve_data_and_first_install_have_distinct_expectations) ... ok
test_data_reset_profile_never_changes_normal_preserving_update (tests.test_owner_data.OwnerData.test_data_reset_profile_never_changes_normal_preserving_update) ... ok
test_private_paths_and_symlinks_are_refused_before_read (tests.test_owner_data.OwnerData.test_private_paths_and_symlinks_are_refused_before_read) ... ok
test_all_protected_boundaries_and_overflow (tests.test_mmc_requests.ProductionMMC.test_all_protected_boundaries_and_overflow) ... ok
test_read_write_and_companions (tests.test_mmc_requests.ProductionMMC.test_read_write_and_companions) ... ok
test_standard_initialization_flush_shutdown (tests.test_mmc_requests.ProductionMMC.test_standard_initialization_flush_shutdown) ... ok
test_switch_fields_and_hardware_areas (tests.test_mmc_requests.ProductionMMC.test_switch_fields_and_hardware_areas) ... ok
test_initialization_before_card_registration_and_switch_confirmation (tests.test_mmc_context.Context.test_initialization_before_card_registration_and_switch_confirmation) ... ok
test_actual_block_allocation_and_native_bounds (tests.test_emmc_layout.StockWindow.test_actual_block_allocation_and_native_bounds) ... ok
test_manifest_and_readback_modes_match_physical_evidence (tests.test_emmc_layout.StockWindow.test_manifest_and_readback_modes_match_physical_evidence) ... ok
test_real_request_sequence_wire_arguments_and_faults (tests.test_mmc_transport.Transport.test_real_request_sequence_wire_arguments_and_faults) ... PASS production MMC sequencing, sector-zero fixture, wire addresses, FUA, stop, faults and protected writes
ok
test_upstream_parser_and_malformed_tables (tests.test_stock_msdos.StockParser.test_upstream_parser_and_malformed_tables) ... ok
test_recover_connected_passive_and_failures (tests.test_usb_recover.Recover.test_recover_connected_passive_and_failures) ... ok
test_guarded_single_release (tests.test_usb_wake.UsbWake.test_guarded_single_release) ... ok
test_guards_and_transition (tests.test_usb_session.Session.test_guards_and_transition) ... ok
test_guards_widths_and_failures (tests.test_usb_state.UsbStateSnapshot.test_guards_widths_and_failures) ... ok
test_guards_and_read_failures (tests.test_usb_clock.UsbClockSnapshot.test_guards_and_read_failures) ... ok
test_owned_controller_lifecycle_and_guards (tests.test_usb_reconnect.Reconnect.test_owned_controller_lifecycle_and_guards) ... ok
test_poll_failure_survives_teardown (tests.test_usb_failure.UsbFailure.test_poll_failure_survives_teardown) ... ok
test_real_trigger_irq_and_dma_bounds (tests.test_audio.AFE.test_real_trigger_irq_and_dma_bounds) ... ok
test_resolved_audio_dt_rejects_unsafe_rails (tests.test_audio.AFE.test_resolved_audio_dt_rejects_unsafe_rails) ... ok
test_startup_accepts_positive_constraint_success (tests.test_audio.AFE.test_startup_accepts_positive_constraint_success) ... ok
test_failed_child_keeps_root_handoff_disabled (tests.test_dev_abi.UserspaceABI.test_failed_child_keeps_root_handoff_disabled) ... ok
test_required_abi_and_framebuffer_support (tests.test_dev_abi.UserspaceABI.test_required_abi_and_framebuffer_support) ... ok
test_dt_protects_emmc_and_reservations (tests.test_dev_foundation.DevFoundation.test_dt_protects_emmc_and_reservations) ... ok
test_large_bank_and_packaging_limits (tests.test_dev_foundation.DevFoundation.test_large_bank_and_packaging_limits) ... ok
test_rescue_archive_and_bad_data (tests.test_dev_foundation.DevFoundation.test_rescue_archive_and_bad_data) ... ok
test_rescue_only_selects_one_removable_ext4_label (tests.test_dev_foundation.DevFoundation.test_rescue_only_selects_one_removable_ext4_label) ... ok
test_old_controller_uses_one_wrrd_without_retries (tests.test_dev_i2c.CombinedI2C.test_old_controller_uses_one_wrrd_without_retries) ... ok
test_regmap_callbacks (tests.test_baseline_pwrap.Transport.test_regmap_callbacks) ... ok
test_atomic_publication_and_corruption_rejection (tests.test_overlays.OverlayCache.test_atomic_publication_and_corruption_rejection) ... ok
test_bounded_layout (tests.test_d08.Layout.test_bounded_layout) ... ok
test_checked_arithmetic (tests.test_d08.Layout.test_checked_arithmetic) ... ok
test_independent_rejections (tests.test_d08.Layout.test_independent_rejections) ... ok
test_small_adjustment_preserves_dtb (tests.test_d08.Layout.test_small_adjustment_preserves_dtb) ... ok
test_roundtrip_and_corruptions (tests.test_bootimg.Bootimg.test_roundtrip_and_corruptions) ... ok

----------------------------------------------------------------------
Ran 56 tests in 2.267s

OK
Y2ABI begin: Thumb signal return, kuser helpers, glibc TLS/threads and VFP
Y2ABI Thumb signal delivery/return OK
Y2ABI kuser memory barrier and TLS OK
Y2ABI PASS: glibc thread/TLS, VFP, clock and allocator
..........
----------------------------------------------------------------------
Ran 10 tests in 0.773s

OK
