make: Entering directory '/src'
make[1]: Entering directory '/build/kernel'
  GEN     Makefile
  HOSTCC  scripts/basic/fixdep
  HOSTCC  scripts/kconfig/conf.o
  HOSTCC  scripts/kconfig/confdata.o
  HOSTCC  scripts/kconfig/expr.o
  LEX     scripts/kconfig/lexer.lex.c
  YACC    scripts/kconfig/parser.tab.[ch]
  HOSTCC  scripts/kconfig/lexer.lex.o
  HOSTCC  scripts/kconfig/menu.o
  HOSTCC  scripts/kconfig/parser.tab.o
  HOSTCC  scripts/kconfig/preprocess.o
  HOSTCC  scripts/kconfig/symbol.o
  HOSTCC  scripts/kconfig/util.o
  HOSTLD  scripts/kconfig/conf
#
# configuration written to .config
#
make[1]: Leaving directory '/build/kernel'
make: Leaving directory '/src'
Reviewed kernel configuration matches D08 and platform fragment.
make: Entering directory '/src'
make[1]: Entering directory '/build/kernel'
  GEN     Makefile
  UPD     include/generated/uapi/linux/version.h
  WRAP    arch/arm/include/generated/uapi/asm/kvm_para.h
  SYSHDR  arch/arm/include/generated/uapi/asm/unistd-oabi.h
  WRAP    arch/arm/include/generated/uapi/asm/bitsperlong.h
  SYSHDR  arch/arm/include/generated/uapi/asm/unistd-eabi.h
  WRAP    arch/arm/include/generated/uapi/asm/bpf_perf_event.h
  WRAP    arch/arm/include/generated/uapi/asm/errno.h
  WRAP    arch/arm/include/generated/uapi/asm/ioctl.h
  WRAP    arch/arm/include/generated/uapi/asm/ipcbuf.h
  WRAP    arch/arm/include/generated/uapi/asm/msgbuf.h
  WRAP    arch/arm/include/generated/uapi/asm/param.h
  WRAP    arch/arm/include/generated/uapi/asm/poll.h
  WRAP    arch/arm/include/generated/uapi/asm/resource.h
  WRAP    arch/arm/include/generated/uapi/asm/sembuf.h
  UPD     include/config/kernel.release
  WRAP    arch/arm/include/generated/uapi/asm/shmbuf.h
  WRAP    arch/arm/include/generated/uapi/asm/siginfo.h
  HOSTCC  scripts/dtc/dtc.o
  WRAP    arch/arm/include/generated/uapi/asm/socket.h
  WRAP    arch/arm/include/generated/uapi/asm/sockios.h
  HOSTCC  scripts/dtc/flattree.o
  WRAP    arch/arm/include/generated/uapi/asm/termbits.h
  HOSTCC  scripts/dtc/fstree.o
  WRAP    arch/arm/include/generated/uapi/asm/termios.h
  HOSTCC  scripts/dtc/data.o
  UPD     include/generated/utsrelease.h
  HOSTCC  scripts/dtc/livetree.o
  HOSTCC  scripts/dtc/treesource.o
  HOSTCC  scripts/dtc/srcpos.o
  HOSTCC  scripts/dtc/checks.o
  WRAP    arch/arm/include/generated/asm/early_ioremap.h
  WRAP    arch/arm/include/generated/asm/extable.h
  WRAP    arch/arm/include/generated/asm/flat.h
  WRAP    arch/arm/include/generated/asm/parport.h
  WRAP    arch/arm/include/generated/asm/cfi.h
  WRAP    arch/arm/include/generated/asm/compat.h
  WRAP    arch/arm/include/generated/asm/dma-mapping.h
  WRAP    arch/arm/include/generated/asm/emergency-restart.h
  WRAP    arch/arm/include/generated/asm/exec.h
  WRAP    arch/arm/include/generated/asm/irq_regs.h
  WRAP    arch/arm/include/generated/asm/kdebug.h
  WRAP    arch/arm/include/generated/asm/kmap_size.h
  WRAP    arch/arm/include/generated/asm/local.h
  WRAP    arch/arm/include/generated/asm/local64.h
  WRAP    arch/arm/include/generated/asm/mmiowb.h
  WRAP    arch/arm/include/generated/asm/msi.h
  WRAP    arch/arm/include/generated/asm/preempt.h
  WRAP    arch/arm/include/generated/asm/rqspinlock.h
  WRAP    arch/arm/include/generated/asm/runtime-const.h
  WRAP    arch/arm/include/generated/asm/rwonce.h
  WRAP    arch/arm/include/generated/asm/serial.h
  WRAP    arch/arm/include/generated/asm/softirq_stack.h
  WRAP    arch/arm/include/generated/asm/trace_clock.h
  WRAP    arch/arm/include/generated/asm/unwind_user.h
  WRAP    arch/arm/include/generated/asm/video.h
  HOSTCC  scripts/dtc/util.o
  UPD     include/generated/compile.h
  LEX     scripts/dtc/dtc-lexer.lex.c
  YACC    scripts/dtc/dtc-parser.tab.[ch]
  HOSTCC  scripts/dtc/libfdt/fdt.o
  HOSTCC  scripts/dtc/libfdt/fdt_ro.o
  HOSTCC  scripts/dtc/libfdt/fdt_wip.o
  HOSTCC  scripts/dtc/libfdt/fdt_sw.o
  HOSTCC  scripts/dtc/libfdt/fdt_rw.o
  HOSTCC  scripts/dtc/libfdt/fdt_strerror.o
  HOSTCC  scripts/dtc/libfdt/fdt_empty_tree.o
  HOSTCC  scripts/dtc/libfdt/fdt_addresses.o
  HOSTCC  scripts/dtc/libfdt/fdt_overlay.o
  HOSTCC  scripts/dtc/fdtoverlay.o
  HOSTCC  scripts/dtc/dtc-lexer.lex.o
  HOSTCC  scripts/dtc/dtc-parser.tab.o
  HOSTLD  scripts/dtc/fdtoverlay
  HOSTLD  scripts/dtc/dtc
  HOSTCC  scripts/kallsyms
  HOSTCC  scripts/sorttable
  SYSNR   arch/arm/include/generated/asm/unistd-nr.h
  GEN     arch/arm/include/generated/asm/mach-types.h
  SYSTBL  arch/arm/include/generated/calls-oabi.S
  SYSTBL  arch/arm/include/generated/calls-eabi.S
  CC      scripts/mod/empty.o
  HOSTCC  scripts/mod/mk_elfconfig
  CC      scripts/mod/devicetable-offsets.s
  UPD     scripts/mod/devicetable-offsets.h
  MKELF   scripts/mod/elfconfig.h
  HOSTCC  scripts/mod/modpost.o
  HOSTCC  scripts/mod/file2alias.o
  HOSTCC  scripts/mod/sumversion.o
  HOSTCC  scripts/mod/symsearch.o
  HOSTLD  scripts/mod/modpost
  CC      kernel/bounds.s
  CHKSHA1 /src/include/linux/atomic/atomic-arch-fallback.h
  CHKSHA1 /src/include/linux/atomic/atomic-instrumented.h
  CHKSHA1 /src/include/linux/atomic/atomic-long.h
  UPD     include/generated/timeconst.h
  UPD     include/generated/bounds.h
  CC      arch/arm/kernel/asm-offsets.s
  UPD     include/generated/asm-offsets.h
  CC      kernel/sched/rq-offsets.s
  UPD     include/generated/rq-offsets.h
  CALL    /src/scripts/checksyscalls.sh
  LDS     scripts/module.lds
  HOSTCC  usr/gen_init_cpio
  CC      init/main.o
  AR      certs/built-in.a
  CC      arch/arm/mach-mediatek/platsmp.o
  AR      ipc/built-in.a
  CC      security/commoncap.o
  CC      arch/arm/vfp/vfpmodule.o
  CC      mm/filemap.o
  CC      fs/open.o
  CC      fs/read_write.o
  AS      arch/arm/vfp/vfphw.o
  CC      fs/file_table.o
  CC      kernel/fork.o
  AR      crypto/built-in.a
  CC      kernel/exec_domain.o
  CC      kernel/panic.o
  GEN     usr/initramfs_data.cpio
find: unrecognized: -printf
BusyBox v1.37.0 (2025-05-26 20:04:45 UTC) multi-call binary.

Usage: find [-HL] [PATH]... [OPTIONS] [ACTIONS]

Search for files and perform actions on them.
First failed action stops processing of current file.
Defaults: PATH is current directory, action is '-print'

	-L,-follow	Follow symlinks
	-H		...on command line only
	-xdev		Don't descend directories on other filesystems
	-maxdepth N	Descend at most N levels. -maxdepth 0 applies
			actions to command line arguments only
	-mindepth N	Don't act on first N levels
	-depth		Act on directory *after* traversing it

Actions:
	( ACTIONS )	Group actions for -o / -a
	! ACT		Invert ACT's success/failure
	ACT1 [-a] ACT2	If ACT1 fails, stop, else do ACT2
	ACT1 -o ACT2	If ACT1 succeeds, stop, else do ACT2
			Note: -a has higher priority than -o
	-name PATTERN	Match file name (w/o directory name) to PATTERN
	-iname PATTERN	Case insensitive -name
	-path PATTERN	Match path to PATTERN
	-ipath PATTERN	Case insensitive -path
	-regex PATTERN	Match path to regex PATTERN
	-type X		File type is X (one of: f,d,l,b,c,s,p)
	-executable	File is executable
	-perm MASK	At least one mask bit (+MASK), all bits (-MASK),
			or exactly MASK bits are set in file's mode
	-mtime DAYS	mtime is greater than (+N), less than (-N),
			or exactly N days in the past
	-atime DAYS	atime +N/-N/N days in the past
	-ctime DAYS	ctime +N/-N/N days in the past
	-mmin MINS	mtime is greater than (+N), less than (-N),
			or exactly N minutes in the past
	-newer FILE	mtime is more recent than FILE's
	-inum N		File has inode number N
	-user NAME/ID	File is owned by given user
	-group NAME/ID	File is owned by given group
	-size N[bck]	File size is N (c:bytes,k:kbytes,b:512 bytes(def.))
			+/-N: file size is bigger/smaller than N
	-links N	Number of links is greater than (+N), less than (-N),
			or exactly N
	-empty		Match empty file/directory
	-prune		If current file is directory, don't descend into it
If none of the following actions is specified, -print is assumed
	-print		Print file name
	-print0		Print file name, NUL terminated
	-exec CMD ARG ;	Run CMD with all instances of {} replaced by
			file name. Fails if CMD exits with nonzero
	-exec CMD ARG + Run CMD with {} replaced by list of file names
	-ok CMD ARG ;   Prompt and run CMD with {} replaced
	-delete		Delete current file/directory. Turns on -depth option
	-quit		Exit
  COPY    usr/initramfs_inc_data
  AS      usr/initramfs_data.o
  AR      usr/built-in.a
  CC      kernel/cpu.o
  CC      arch/arm/mach-mediatek/mediatek.o
  UPD     init/utsversion-tmp.h
  CC      mm/mempool.o
  CC      mm/oom_kill.o
  CC      arch/arm/vfp/vfpsingle.o
  CC      arch/arm/vfp/vfpdouble.o
  CC      fs/super.o
  CC      mm/fadvise.o
  AR      arch/arm/mach-mediatek/built-in.a
  CC      init/do_mounts.o
  CC      init/do_mounts_initrd.o
  CC      init/initramfs.o
  CC      security/min_addr.o
  AR      arch/arm/vfp/built-in.a
  CC      arch/arm/mm/extable.o
  CC      arch/arm/kernel/elf.o
  CC      kernel/exit.o
  CC      kernel/softirq.o
  CC      kernel/resource.o
  AS      arch/arm/kernel/entry-common.o
  CC      arch/arm/kernel/irq.o
  CC      arch/arm/mm/fault.o
  AR      security/built-in.a
  CC      arch/arm/kernel/opcodes.o
  CC      arch/arm/kernel/process.o
  CC      arch/arm/kernel/ptrace.o
  CC      mm/maccess.o
  CC      mm/page-writeback.o
  CC      mm/folio-compat.o
  CC      mm/readahead.o
  CC      fs/char_dev.o
  CC      init/calibrate.o
  CC      kernel/sysctl.o
  CC      kernel/capability.o
  CC      kernel/ptrace.o
  CC      kernel/user.o
  CC      arch/arm/mm/init.o
  CC      init/init_task.o
  CC      kernel/signal.o
  CC      init/version.o
  CC      arch/arm/kernel/reboot.o
  CC      fs/stat.o
  CC      fs/exec.o
  CC      mm/swap.o
  CC      mm/truncate.o
  CC      arch/arm/mm/iomap.o
  CC      kernel/sys.o
  CC      arch/arm/mm/dma-mapping.o
  CC      arch/arm/common/firmware.o
  AS      arch/arm/common/secure_cntvoff.o
  AR      init/built-in.a
  CC      arch/arm/mm/fault-armv.o
  CC      arch/arm/kernel/io.o
  CC      arch/arm/kernel/setup.o
  CC      mm/vmscan.o
  CC      mm/shrinker.o
  CC      fs/pipe.o
  CC      fs/namei.o
  CC      fs/fcntl.o
  CC      fs/ioctl.o
  AR      arch/arm/common/built-in.a
  CC      arch/arm/kernel/signal.o
  CC      mm/shmem.o
  CC      mm/util.o
  CC      arch/arm/mm/flush.o
  CC      mm/mmzone.o
  CC      kernel/umh.o
  CC      mm/vmstat.o
  CC      mm/backing-dev.o
  AS      arch/arm/kernel/sigreturn_codes.o
  CC      fs/readdir.o
  CC      arch/arm/kernel/stacktrace.o
  CC      kernel/workqueue.o
  CC      arch/arm/mm/idmap.o
  CC      arch/arm/mm/ioremap.o
  CC      arch/arm/mm/mmap.o
  CC      arch/arm/mm/pgd.o
  CC      arch/arm/mm/mmu.o
  CC      block/bdev.o
  CC      block/fops.o
  CC      block/bio.o
  CC      arch/arm/kernel/sys_arm.o
  CC      arch/arm/kernel/time.o
  CC      mm/mm_init.o
  CC      arch/arm/kernel/traps.o
  AR      arch/arm/probes/built-in.a
  AS      arch/arm/lib/ashldi3.o
  CC      fs/select.o
  CC      fs/dcache.o
  AS      arch/arm/lib/ashrdi3.o
  AS      arch/arm/lib/backtrace-clang.o
  CC      arch/arm/mm/pageattr.o
  AS      arch/arm/lib/bswapsdi2.o
  CC      arch/arm/mm/proc-syms.o
  AS      arch/arm/lib/call_with_stack.o
  CC      kernel/pid.o
  AS      arch/arm/lib/changebit.o
  AS      arch/arm/lib/clear_user.o
  CC      lib/argv_split.o
  AS      arch/arm/kernel/entry-armv.o
  AS      arch/arm/lib/clearbit.o
  CC      lib/bug.o
  CC      kernel/task_work.o
  CC      arch/arm/kernel/bugs.o
  AS      arch/arm/lib/copy_from_user.o
  CC      block/elevator.o
  AS      arch/arm/lib/copy_page.o
  CC      mm/percpu.o
  AS      arch/arm/lib/copy_to_user.o
  AS      arch/arm/lib/csumipv6.o
  AS      arch/arm/lib/csumpartial.o
  CC      kernel/extable.o
  CC      kernel/params.o
  AS      arch/arm/lib/csumpartialcopy.o
  CC      arch/arm/mm/alignment.o
  AS      arch/arm/lib/csumpartialcopyuser.o
  AS      arch/arm/lib/delay-loop.o
  CC      arch/arm/kernel/cacheinfo.o
  CC      arch/arm/kernel/cpuidle.o
  CC      arch/arm/lib/delay.o
  AS      arch/arm/lib/div64.o
  AS      arch/arm/lib/findbit.o
  CC      mm/slab_common.o
  CC      mm/compaction.o
  CC      lib/buildid.o
  CC      block/blk-core.o
  CC      mm/show_mem.o
  CC      arch/arm/kernel/armksyms.o
  CC      fs/inode.o
  AS      arch/arm/mm/abort-ev7.o
  AS      arch/arm/lib/getuser.o
  AS      arch/arm/mm/pabort-v7.o
  AS      arch/arm/lib/io-readsb.o
  AR      arch/arm/net/built-in.a
  CC      kernel/kthread.o
  CC      kernel/sys_ni.o
  AS      arch/arm/mm/cache-v7.o
  AS      arch/arm/lib/io-readsl.o
  AS      arch/arm/lib/io-readsw-armv4.o
  AS      arch/arm/lib/io-writesb.o
  CC      arch/arm/mm/cache.o
  CC      arch/arm/mm/copypage-v6.o
  CC      arch/arm/mm/context.o
  AS      arch/arm/lib/io-writesl.o
  AS      arch/arm/lib/io-writesw-armv4.o
  AS      arch/arm/lib/lib1funcs.o
  CC      lib/cmdline.o
  AS      arch/arm/lib/lshrdi3.o
  AS      arch/arm/lib/memchr.o
  AS      arch/arm/lib/memcpy.o
  CC      lib/cpumask.o
  CC      mm/interval_tree.o
  CC      block/blk-sysfs.o
  AS      arch/arm/lib/memmove.o
  AS      arch/arm/mm/tlb-v7.o
  CC      arch/arm/mm/tlb.o
  AS      arch/arm/mm/proc-v7.o
  CC      mm/list_lru.o
  AS      arch/arm/lib/memset.o
  CC      mm/workingset.o
  AS      arch/arm/lib/muldi3.o
  CC      arch/arm/kernel/module.o
  AS      arch/arm/lib/putuser.o
  AS      arch/arm/lib/setbit.o
  CC      fs/attr.o
  CC      arch/arm/mm/proc-v7-bugs.o
  AS      arch/arm/lib/strchr.o
  CC      lib/ctype.o
  AR      drivers/cache/built-in.a
  CC      drivers/irqchip/irqchip.o
  CC      drivers/irqchip/irq-gic.o
  AS      arch/arm/lib/strrchr.o
  CC      kernel/nsproxy.o
  AS      arch/arm/lib/testchangebit.o
  CC      lib/dec_and_lock.o
  AR      arch/arm/mm/built-in.a
  CC      lib/decompress.o
  AS      arch/arm/lib/testclearbit.o
  AS      arch/arm/lib/testsetbit.o
  CC      lib/decompress_inflate.o
  AS      arch/arm/lib/ucmpdi2.o
  AR      arch/arm/lib/built-in.a
  AR      arch/arm/lib/lib.a
  CC      block/blk-flush.o
  CC      block/blk-settings.o
  CC      block/blk-ioc.o
  CC      block/blk-map.o
  AS      arch/arm/kernel/sleep.o
  CC      fs/bad_inode.o
  CC      fs/file.o
  CC      arch/arm/kernel/suspend.o
  CC      arch/arm/kernel/smp.o
  CC      lib/dump_stack.o
  CC      drivers/irqchip/irq-gic-common.o
  CC      mm/debug.o
  CC      kernel/nstree.o
  CC      kernel/nscommon.o
  CC      kernel/notifier.o
  CC      kernel/ksysfs.o
  CC      kernel/cred.o
  CC      block/blk-merge.o
  CC      block/blk-timeout.o
  CC      drivers/irqchip/irq-mtk-sysirq.o
  CC      arch/arm/kernel/smp_tlb.o
  CC      lib/earlycpio.o
  CC      mm/gup.o
  CC      mm/mmap_lock.o
  CC      lib/extable.o
  CC      fs/filesystems.o
  CC      fs/namespace.o
  CC      mm/vma_init.o
  CC      mm/highmem.o
  CC      drivers/irqchip/irq-mtk-cirq.o
  CC      arch/arm/kernel/unwind.o
  CC      arch/arm/kernel/devtree.o
  CC      lib/fdt.o
  CC      lib/fdt_addresses.o
  CC      lib/fdt_empty_tree.o
  CC      lib/fdt_ro.o
  AR      drivers/irqchip/built-in.a
  CC      drivers/bus/simple-pm-bus.o
  CC      arch/arm/kernel/swp_emulate.o
  CC      kernel/reboot.o
  CC      lib/fdt_rw.o
  CC      fs/seq_file.o
  CC      block/blk-lib.o
  CC      fs/xattr.o
  CC      lib/fdt_strerror.o
  CC      lib/fdt_sw.o
  CC      fs/libfs.o
  AR      drivers/bus/mhi/built-in.a
  CC      lib/fdt_wip.o
  AR      drivers/bus/built-in.a
  CC      drivers/phy/phy-core.o
  AR      drivers/phy/allwinner/built-in.a
  CC      drivers/pinctrl/core.o
  CC      drivers/gpio/gpiolib.o
  CC      lib/flex_proportions.o
  CC      mm/memory.o
  CC      lib/idr.o
  CC      kernel/async.o
  CC      kernel/range.o
  AS      arch/arm/kernel/head.o
  CC      lib/iomem_copy.o
  CC      block/blk-mq.o
  AS      arch/arm/kernel/smccc-call.o
  AR      drivers/phy/amlogic/built-in.a
  AR      drivers/phy/broadcom/built-in.a
  CC      fs/fs-writeback.o
  CC      arch/arm/kernel/spectre.o
  AR      drivers/phy/cadence/built-in.a
  AR      drivers/phy/freescale/built-in.a
  AR      drivers/phy/hisilicon/built-in.a
  AR      drivers/phy/ingenic/built-in.a
  CC      lib/irq_regs.o
  AR      drivers/phy/intel/built-in.a
  CC      kernel/smpboot.o
  AR      drivers/phy/lantiq/built-in.a
  AR      drivers/phy/marvell/built-in.a
  CC      sound/sound_core.o
  CC      drivers/phy/mediatek/phy-mtk-mipi-dsi.o
  CC      drivers/pinctrl/pinctrl-utils.o
  CC      lib/is_single_threaded.o
  CC      lib/klist.o
  CC      drivers/gpio/gpiolib-devres.o
  CC      drivers/gpio/gpiolib-legacy.o
  CC      sound/core/sound.o
  CC      drivers/pinctrl/pinmux.o
  CC      drivers/pinctrl/pinconf.o
  CC      kernel/ucount.o
  LDS     arch/arm/kernel/vmlinux.lds
  AR      arch/arm/kernel/built-in.a
  AR      arch/arm/crypto/built-in.a
  CC      drivers/pinctrl/pinconf-generic.o
  AR      arch/arm/built-in.a
  CC      drivers/phy/mediatek/phy-mtk-mipi-dsi-mt8173.o
  CC      lib/kobject.o
  CC      net/devres.o
  CC      drivers/gpio/gpiolib-of.o
  CC      fs/pnode.o
  CC      mm/mincore.o
  CC      kernel/regset.o
  CC      block/blk-mq-tag.o
  CC      sound/core/init.o
  CC      block/blk-mq-dma.o
  CC      block/blk-stat.o
  CC      drivers/pinctrl/devicetree.o
  CC      lib/kobject_uevent.o
  CC      kernel/ksyms_common.o
  CC      drivers/gpio/gpiolib-swnode.o
  CC      drivers/phy/mediatek/phy-mtk-mipi-dsi-mt8183.o
  CC      fs/splice.o
  AR      drivers/pinctrl/actions/built-in.a
  AR      drivers/pinctrl/bcm/built-in.a
  CC      block/blk-mq-sysfs.o
  CC      sound/core/memory.o
  AR      drivers/pinctrl/cirrus/built-in.a
  AR      drivers/pinctrl/freescale/built-in.a
  CC      net/socket.o
  CC      drivers/pinctrl/mediatek/mtk-eint.o
  CC      mm/mlock.o
  CC      mm/mmap.o
  CC      mm/mmu_gather.o
  CC      kernel/groups.o
  AR      drivers/gpio/built-in.a
  CC      kernel/sched/core.o
  CC      lib/logic_pio.o
  AR      drivers/phy/mediatek/built-in.a
  AR      drivers/phy/microchip/built-in.a
  AR      drivers/phy/motorola/built-in.a
  AR      drivers/phy/mscc/built-in.a
  CC      sound/core/control.o
  AR      drivers/phy/nuvoton/built-in.a
  AR      drivers/phy/qualcomm/built-in.a
  AR      drivers/phy/ralink/built-in.a
  AR      drivers/pinctrl/mediatek/built-in.a
  AR      drivers/phy/realtek/built-in.a
  AR      drivers/pinctrl/mvebu/built-in.a
  AR      drivers/phy/renesas/built-in.a
  AR      drivers/pinctrl/nomadik/built-in.a
  AR      drivers/phy/rockchip/built-in.a
  AR      drivers/pinctrl/nuvoton/built-in.a
  CC      block/blk-mq-cpumap.o
  AR      drivers/phy/samsung/built-in.a
  AR      drivers/pinctrl/nxp/built-in.a
  AR      drivers/phy/socionext/built-in.a
  AR      drivers/pinctrl/qcom/built-in.a
  AR      drivers/phy/sophgo/built-in.a
  AR      drivers/pinctrl/sophgo/built-in.a
  AR      drivers/phy/st/built-in.a
  AR      drivers/pinctrl/spacemit/built-in.a
  AR      drivers/phy/starfive/built-in.a
  AR      drivers/pinctrl/sprd/built-in.a
  AR      drivers/pinctrl/starfive/built-in.a
  AR      drivers/phy/sunplus/built-in.a
  AR      drivers/pinctrl/sunplus/built-in.a
  AR      drivers/phy/tegra/built-in.a
  CC      lib/maple_tree.o
  CC      sound/core/misc.o
  AR      drivers/pinctrl/ti/built-in.a
  AR      drivers/phy/ti/built-in.a
  AR      drivers/pinctrl/built-in.a
  AR      drivers/phy/xilinx/built-in.a
  AR      drivers/phy/built-in.a
  CC      lib/memcat_p.o
  AR      drivers/pwm/built-in.a
  AR      drivers/leds/blink/built-in.a
  AR      drivers/leds/simatic/built-in.a
  CC      fs/sync.o
  CC      fs/utimes.o
  AR      drivers/leds/built-in.a
  CC      drivers/pci/of.o
  CC      mm/mprotect.o
  CC      mm/mremap.o
  CC      mm/msync.o
  CC      lib/nmi_backtrace.o
  CC      sound/core/device.o
  CC      block/blk-mq-sched.o
  CC      kernel/sched/fair.o
  CC      block/ioctl.o
  CC      net/core/sock.o
  AR      drivers/pci/controller/dwc/built-in.a
  AR      drivers/pci/controller/mobiveil/built-in.a
  AR      drivers/pci/controller/plda/built-in.a
  AR      drivers/pci/controller/built-in.a
  CC      fs/d_path.o
  AR      drivers/pci/switch/built-in.a
  CC      net/ethernet/eth.o
  CC      mm/page_vma_mapped.o
  AR      drivers/pci/built-in.a
  CC      drivers/video/cmdline.o
  CC      mm/pagewalk.o
  CC      fs/stack.o
  CC      sound/core/info.o
  CC      lib/objpool.o
  CC      lib/plist.o
  CC      mm/pgtable-generic.o
  CC      block/genhd.o
  CC      block/ioprio.o
  CC      lib/radix-tree.o
  CC      lib/ratelimit.o
  CC      fs/fs_struct.o
  CC      drivers/video/nomodeset.o
  CC      sound/core/ctljack.o
  CC      drivers/video/hdmi.o
  CC      sound/core/jack.o
  AR      net/ethernet/built-in.a
  CC      sound/core/timer.o
  CC      mm/rmap.o
  CC      kernel/sched/build_policy.o
  CC      net/core/request_sock.o
  CC      lib/rbtree.o
  CC      lib/seq_buf.o
  CC      drivers/video/console/dummycon.o
  CC      fs/statfs.o
  CC      fs/fs_pin.o
  CC      lib/siphash.o
  CC      block/badblocks.o
  CC      block/partitions/core.o
  CC      block/partitions/msdos.o
  CC      block/blk-rq-qos.o
  CC      lib/string.o
  AR      drivers/video/console/built-in.a
  CC      sound/core/pcm.o
  CC      drivers/video/backlight/backlight.o
  CC      mm/vmalloc.o
  CC      lib/sys_info.o
  CC      lib/timerqueue.o
  CC      lib/vsprintf.o
  CC      fs/nsfs.o
  CC      block/disk-events.o
  CC      net/core/skbuff.o
  CC      lib/win_minmax.o
  CC      block/partitions/efi.o
  CC      drivers/video/fbdev/core/fb_notify.o
  AR      drivers/video/backlight/built-in.a
  CC      drivers/video/display_timing.o
  CC      lib/xarray.o
  CC      sound/core/pcm_native.o
  CC      sound/core/pcm_lib.o
  CC      fs/fs_types.o
  CC      fs/fs_context.o
  CC      fs/fs_parser.o
  CC      kernel/sched/build_utility.o
  CC      drivers/video/fbdev/core/fb_info.o
  CC      mm/vma.o
  CC      drivers/video/fbdev/core/fbmem.o
  AR      block/partitions/built-in.a
  CC      lib/lockref.o
  CC      block/blk-ia-ranges.o
  CC      lib/bcd.o
  CC      kernel/locking/mutex.o
  CC      lib/sort.o
  CC      kernel/locking/semaphore.o
  CC      fs/fsopen.o
  CC      lib/parser.o
  AR      sound/i2c/other/built-in.a
  AR      sound/drivers/opl3/built-in.a
  AR      sound/i2c/built-in.a
  AR      sound/drivers/opl4/built-in.a
  CC      sound/core/pcm_misc.o
  AR      sound/drivers/mpu401/built-in.a
  AR      sound/drivers/vx/built-in.a
  AR      sound/drivers/pcsp/built-in.a
  AR      sound/drivers/built-in.a
  CC      sound/core/pcm_memory.o
  CC      fs/init.o
  CC      lib/debug_locks.o
  CC      block/early-lookup.o
  CC      mm/vma_exec.o
  CC      lib/random32.o
  CC      lib/bust_spinlocks.o
  CC      drivers/video/fbdev/core/fbcmap.o
  CC      kernel/locking/rwsem.o
  CC      kernel/locking/percpu-rwsem.o
  CC      drivers/video/fbdev/core/modedb.o
  CC      net/core/datagram.o
  CC      net/core/stream.o
  CC      sound/core/memalloc.o
  CC      block/blk-pm.o
  CC      mm/page_alloc.o
  CC      fs/kernel_read_file.o
  CC      fs/mnt_idmapping.o
  AR      kernel/sched/built-in.a
  CC      fs/remap_range.o
  CC      lib/kasprintf.o
  CC      lib/bitmap.o
  CC      kernel/locking/spinlock.o
  CC      fs/pidfs.o
  CC      sound/core/pcm_timer.o
  CC      drivers/video/fbdev/core/fbcvt.o
  AR      block/built-in.a
  CC      drivers/video/fbdev/core/fb_cmdline.o
  CC      drivers/video/fbdev/core/fb_backlight.o
  AR      virt/lib/built-in.a
  AR      virt/built-in.a
  CC      lib/scatterlist.o
  CC      kernel/locking/osq_lock.o
  CC      kernel/locking/rtmutex_api.o
  CC      lib/list_sort.o
  CC      fs/file_attr.o
  CC      net/core/scm.o
  CC      kernel/power/qos.o
  AR      sound/core/built-in.a
  AR      sound/isa/ad1816a/built-in.a
  AR      sound/isa/ad1848/built-in.a
  AR      sound/isa/cs423x/built-in.a
  CC      kernel/power/main.o
  AR      sound/isa/es1688/built-in.a
  AR      sound/isa/galaxy/built-in.a
  AR      sound/isa/gus/built-in.a
  AR      sound/isa/msnd/built-in.a
  AR      sound/isa/opti9xx/built-in.a
  AR      sound/isa/wavefront/built-in.a
  AR      sound/isa/sb/built-in.a
  CC      fs/buffer.o
  AR      sound/isa/wss/built-in.a
  CC      fs/mpage.o
  CC      drivers/video/fbdev/core/fbmon.o
  AR      sound/isa/built-in.a
  AR      sound/pci/ac97/built-in.a
  AR      sound/pci/ali5451/built-in.a
  AR      sound/pci/asihpi/built-in.a
  AR      sound/pci/au88x0/built-in.a
  AR      sound/pci/aw2/built-in.a
  CC      mm/page_frag_cache.o
  AR      sound/pci/ctxfi/built-in.a
  AR      sound/pci/ca0106/built-in.a
  AR      sound/pci/cs46xx/built-in.a
  AR      sound/pci/cs5535audio/built-in.a
  CC      lib/uuid.o
  AR      sound/pci/lola/built-in.a
  CC      mm/init-mm.o
  AR      sound/pci/lx6464es/built-in.a
  AR      sound/pci/echoaudio/built-in.a
  AR      kernel/locking/built-in.a
  AR      sound/pci/emu10k1/built-in.a
  AR      sound/pci/ice1712/built-in.a
  CC      drivers/video/fbdev/core/fb_defio.o
  AR      sound/pci/korg1212/built-in.a
  AR      sound/pci/mixart/built-in.a
  AR      sound/pci/nm256/built-in.a
  CC      lib/iov_iter.o
  AR      sound/pci/oxygen/built-in.a
  AR      sound/pci/pcxhr/built-in.a
  AR      sound/pci/riptide/built-in.a
  AR      sound/pci/rme9652/built-in.a
  AR      sound/pci/trident/built-in.a
  AR      sound/pci/ymfpci/built-in.a
  AR      sound/pci/vx222/built-in.a
  AR      sound/pci/built-in.a
  AR      sound/ppc/built-in.a
  AR      sound/arm/built-in.a
  AR      sound/sh/built-in.a
  AR      sound/synth/built-in.a
  AR      sound/usb/misc/built-in.a
  AR      sound/usb/usx2y/built-in.a
  AR      sound/firewire/built-in.a
  AR      sound/usb/caiaq/built-in.a
  CC      fs/proc_namespace.o
  AR      sound/usb/6fire/built-in.a
  AR      sound/usb/hiface/built-in.a
  AR      sound/usb/bcd2000/built-in.a
  AR      sound/usb/qcom/built-in.a
  CC      net/core/gen_stats.o
  AR      sound/usb/built-in.a
  CC      lib/clz_ctz.o
  AR      sound/sparc/built-in.a
  AR      sound/spi/built-in.a
  AR      sound/parisc/built-in.a
  CC      fs/direct-io.o
  CC      kernel/power/console.o
  AR      sound/pcmcia/vx/built-in.a
  AR      sound/pcmcia/pdaudiocf/built-in.a
  AR      sound/mips/built-in.a
  CC      drivers/video/fbdev/core/fb_chrdev.o
  AR      sound/pcmcia/built-in.a
  CC      drivers/video/fbdev/core/fb_procfs.o
  CC      sound/soc/soc-core.o
  AR      sound/atmel/built-in.a
  CC      lib/bsearch.o
  CC      mm/memblock.o
  AR      sound/hda/core/built-in.a
  AR      sound/hda/built-in.a
  CC      drivers/video/fbdev/core/fbsysfs.o
  AR      sound/x86/built-in.a
  CC      lib/find_bit.o
  CC      drivers/video/fbdev/core/fbcon.o
  CC      drivers/video/fbdev/core/bitblit.o
  CC      drivers/video/fbdev/core/softcursor.o
  CC      fs/notify/fsnotify.o
  CC      kernel/power/process.o
  CC      drivers/video/fbdev/core/sysfillrect.o
  CC      lib/llist.o
  CC      lib/lwq.o
  CC      net/core/gen_estimator.o
  CC      net/core/net_namespace.o
  CC      mm/slub.o
  CC      lib/memweight.o
  CC      net/core/secure_seq.o
  CC      sound/soc/soc-dapm.o
  CC      fs/notify/notification.o
  CC      lib/kfifo.o
  CC      fs/notify/group.o
  CC      kernel/power/suspend.o
  CC      lib/percpu-refcount.o
  CC      lib/rhashtable.o
  CC      drivers/video/fbdev/core/syscopyarea.o
  CC      fs/notify/mark.o
  CC      fs/notify/fdinfo.o
  CC      sound/soc/soc-jack.o
  CC      drivers/video/fbdev/core/sysimgblt.o
  CC      net/core/flow_dissector.o
  AR      fs/notify/dnotify/built-in.a
  AR      net/802/built-in.a
  CC      sound/soc/soc-utils.o
  CC      lib/base64.o
  AR      drivers/video/fbdev/omap/built-in.a
  CC      sound/soc/soc-dai.o
  CC      net/sched/sch_generic.o
  CC      lib/once.o
  CC      mm/dmapool.o
  AR      kernel/power/built-in.a
  CC      kernel/printk/printk.o
  CC      kernel/printk/printk_safe.o
  CC      fs/notify/inotify/inotify_fsnotify.o
  CC      lib/refcount.o
  CC      lib/rcuref.o
  CC      drivers/video/fbdev/core/fb_sys_fops.o
  CC      fs/notify/inotify/inotify_user.o
  CC      lib/usercopy.o
  CC      sound/soc/soc-component.o
  AR      fs/notify/fanotify/built-in.a
  CC      lib/errseq.o
  CC      lib/bucket_locks.o
  CC      kernel/printk/nbcon.o
  CC      mm/early_ioremap.o
  CC      mm/memfd.o
  CC      mm/execmem.o
  CC      sound/soc/soc-pcm.o
  CC      net/core/dev.o
  AR      fs/notify/inotify/built-in.a
  AR      fs/notify/built-in.a
  CC      fs/eventpoll.o
  CC      fs/anon_inodes.o
  AR      drivers/video/fbdev/core/built-in.a
  AR      drivers/video/fbdev/omap2/omapfb/dss/built-in.a
  AR      drivers/video/fbdev/omap2/omapfb/displays/built-in.a
  CC      sound/soc/soc-devres.o
  AR      drivers/video/fbdev/omap2/omapfb/built-in.a
  AR      drivers/video/fbdev/omap2/built-in.a
  AR      drivers/video/fbdev/built-in.a
  CC      lib/generic-radix-tree.o
  CC      drivers/video/videomode.o
  CC      fs/signalfd.o
  CC      lib/bitmap-str.o
  CC      drivers/video/of_display_timing.o
  CC      kernel/printk/printk_ringbuffer.o
  AR      mm/built-in.a
  CC      drivers/video/of_videomode.o
  CC      net/sched/sch_mq.o
  AR      drivers/idle/built-in.a
  CC      net/sched/sch_frag.o
  AR      drivers/char/ipmi/built-in.a
  CC      sound/soc/soc-ops.o
  AR      drivers/video/built-in.a
  AR      drivers/amba/built-in.a
  AR      kernel/printk/built-in.a
  CC      drivers/clk/clk-devres.o
  CC      kernel/irq/irqdesc.o
  CC      drivers/clk/clk-bulk.o
  CC      drivers/clk/clkdev.o
  CC      fs/timerfd.o
  CC      lib/string_helpers.o
  CC      lib/hexdump.o
  CC      lib/kstrtox.o
  CC      sound/soc/soc-link.o
  CC      kernel/rcu/update.o
  AR      kernel/livepatch/built-in.a
  CC      drivers/clk/clk.o
  CC      kernel/rcu/sync.o
  CC      kernel/irq/handle.o
  CC      kernel/rcu/srcutree.o
  CC      kernel/rcu/tree.o
  AR      net/sched/built-in.a
  CC      fs/eventfd.o
  CC      fs/locks.o
  CC      fs/binfmt_script.o
  CC      kernel/rcu/rcu_segcblist.o
  AR      lib/kunit/built-in.a
  CC      lib/math/div64.o
  CC      kernel/irq/manage.o
  CC      sound/soc/soc-card.o
  CC      lib/math/gcd.o
  CC      lib/math/lcm.o
  CC      lib/math/int_log.o
  CC      sound/soc/codecs/cs43130.o
  CC      lib/crc/crc16.o
  HOSTCC  lib/crc/gen_crc32table
  CC      lib/math/int_pow.o
  AR      lib/crc/tests/built-in.a
  CC      lib/crypto/blake2s.o
  AS      lib/crypto/arm/blake2s-core.o
  CC      lib/crypto/chacha-block-generic.o
  CC      lib/math/int_sqrt.o
  CC      lib/math/reciprocal_div.o
  CC      drivers/clk/clk-divider.o
  CC      fs/binfmt_elf.o
  CC      lib/math/rational.o
  CC      net/core/dev_api.o
  CC      lib/crypto/sha256.o
  GEN     lib/crc/crc32table.h
  CC      lib/crc/crc32-main.o
  CC      kernel/irq/spurious.o
  CC      kernel/irq/resend.o
  CC      kernel/irq/chip.o
  AR      sound/soc/generic/built-in.a
  CC      fs/mbcache.o
  AR      lib/math/tests/built-in.a
  AR      lib/math/built-in.a
  CC      fs/iomap/trace.o
  AS      lib/crypto/arm/sha256-ce.o
  PERLASM lib/crypto/arm/sha256-core.S
  AR      lib/crc/built-in.a
  CC      fs/iomap/iter.o
  AS      lib/crypto/arm/sha256-core.o
  AR      sound/soc/codecs/built-in.a
  AR      sound/soc/apple/built-in.a
  CC      drivers/clk/clk-fixed-factor.o
  AR      sound/soc/adi/built-in.a
  AR      lib/crypto/built-in.a
  AR      sound/soc/amd/built-in.a
  AR      lib/tests/built-in.a
  AR      sound/soc/atmel/built-in.a
  AR      sound/soc/au1x/built-in.a
  AR      lib/vdso/built-in.a
  CC      net/core/dev_addr_lists.o
  CC      lib/iomap_copy.o
  AR      sound/soc/bcm/built-in.a
  AR      sound/soc/cirrus/built-in.a
  CC      lib/devres.o
  AR      sound/soc/dwc/built-in.a
  AR      sound/soc/fsl/built-in.a
  AR      sound/soc/google/built-in.a
  AR      sound/soc/hisilicon/built-in.a
  AR      sound/soc/jz4740/built-in.a
  CC      kernel/irq/dummychip.o
  AR      kernel/rcu/built-in.a
  AR      sound/soc/loongson/built-in.a
  AR      sound/soc/img/built-in.a
  CC      kernel/irq/devres.o
  CC      kernel/dma/mapping.o
  AR      sound/soc/intel/common/built-in.a
  AR      sound/soc/intel/boards/built-in.a
  CC      sound/soc/mediatek/mt6582/mt6582-afe.o
  AR      sound/soc/intel/built-in.a
  AR      fs/quota/built-in.a
  AR      kernel/entry/built-in.a
  AR      kernel/unwind/built-in.a
  CC      kernel/dma/direct.o
  CC      kernel/dma/ops_helpers.o
  CC      kernel/dma/dummy.o
  CC      drivers/clk/clk-fixed-rate.o
  CC      kernel/dma/coherent.o
  CC      kernel/dma/remap.o
  CC      kernel/irq/kexec.o
  CC      lib/hweight.o
  CC      fs/iomap/buffered-io.o
  CC      lib/bitrev.o
  CC      lib/linear_ranges.o
  CC      lib/genalloc.o
  CC      lib/zlib_inflate/inffast.o
  CC      lib/zlib_inflate/inflate.o
  CC      drivers/clk/clk-gate.o
  CC      drivers/clk/clk-multiplier.o
  CC      kernel/irq/autoprobe.o
  CC      net/core/dst.o
  CC      sound/soc/mediatek/mt6582/y2-cs43131.o
  CC      drivers/clk/clk-mux.o
  CC      lib/zlib_inflate/infutil.o
  CC      lib/zlib_inflate/inftrees.o
  CC      lib/percpu_counter.o
  AR      kernel/dma/built-in.a
  CC      fs/iomap/direct-io.o
  CC      fs/iomap/ioend.o
  CC      kernel/irq/irqdomain.o
  CC      fs/iomap/fiemap.o
  CC      lib/zlib_inflate/inflate_syms.o
  CC      drivers/clk/clk-composite.o
  CC      drivers/clk/clk-fractional-divider.o
  CC      kernel/module/main.o
  CC      lib/syscall.o
  CC      kernel/kcmp.o
  CC      fs/iomap/seek.o
  AR      lib/zlib_inflate/built-in.a
  CC      kernel/freezer.o
  AR      sound/soc/mediatek/mt6582/built-in.a
  AR      sound/soc/mediatek/built-in.a
  AR      sound/soc/meson/built-in.a
  AR      sound/soc/mxs/built-in.a
  CC      kernel/time/time.o
  CC      kernel/time/timer.o
  AR      sound/soc/kirkwood/built-in.a
  AR      sound/soc/pxa/built-in.a
  AR      sound/soc/qcom/built-in.a
  AR      sound/soc/renesas/built-in.a
  CC      drivers/clk/clk-gpio.o
  AR      sound/soc/rockchip/built-in.a
  AR      sound/soc/samsung/built-in.a
  AR      sound/soc/sdca/built-in.a
  AR      sound/soc/sof/built-in.a
  AR      sound/soc/spear/built-in.a
  CC      net/core/netevent.o
  CC      net/core/neighbour.o
  AR      sound/soc/sprd/built-in.a
  AR      sound/soc/starfive/built-in.a
  AR      sound/soc/sti/built-in.a
  AR      sound/soc/stm/built-in.a
  AR      sound/soc/sunxi/built-in.a
  AR      sound/soc/tegra/built-in.a
  AR      sound/soc/ti/built-in.a
  AR      sound/soc/uniphier/built-in.a
  CC      lib/nlattr.o
  CC      kernel/irq/proc.o
  AR      sound/soc/ux500/built-in.a
  AR      sound/soc/xilinx/built-in.a
  AR      sound/soc/xtensa/built-in.a
  AR      sound/soc/sdw_utils/built-in.a
  AR      sound/soc/built-in.a
  AR      sound/xen/built-in.a
  AR      sound/virtio/built-in.a
  CC      sound/last.o
  CC      kernel/futex/core.o
  AR      fs/iomap/built-in.a
  CC      fs/proc/task_mmu.o
  CC      fs/kernfs/mount.o
  CC      fs/kernfs/inode.o
  AR      sound/built-in.a
  CC      kernel/smp.o
  CC      kernel/kallsyms.o
  CC      kernel/module/strict_rwx.o
  CC      drivers/clk/clk-conf.o
  CC      kernel/irq/cpuhotplug.o
  CC      kernel/time/hrtimer.o
  AR      drivers/clk/actions/built-in.a
  AR      drivers/clk/analogbits/built-in.a
  AR      drivers/clk/bcm/built-in.a
  AR      drivers/clk/imgtec/built-in.a
  AR      drivers/clk/imx/built-in.a
  CC      fs/sysfs/file.o
  AR      drivers/clk/ingenic/built-in.a
  CC      drivers/clk/mediatek/clk-mtk.o
  AR      drivers/clk/microchip/built-in.a
  CC      fs/kernfs/dir.o
  CC      lib/strncpy_from_user.o
  CC      kernel/futex/syscalls.o
  CC      kernel/module/kmod.o
  CC      fs/proc/inode.o
  CC      net/core/rtnetlink.o
  CC      fs/proc/root.o
  CC      fs/proc/base.o
  CC      kernel/irq/pm.o
  CC      drivers/clk/mediatek/clk-pll.o
  CC      kernel/time/sleep_timeout.o
  CC      fs/sysfs/dir.o
  CC      lib/strnlen_user.o
  CC      kernel/module/kallsyms.o
  CC      kernel/time/timekeeping.o
  CC      fs/kernfs/file.o
  CC      kernel/futex/pi.o
  CC      kernel/futex/requeue.o
  CC      drivers/clk/mediatek/clk-gate.o
  CC      drivers/clk/mediatek/clk-apmixed.o
  CC      fs/sysfs/symlink.o
  CC      lib/net_utils.o
  CC      kernel/irq/ipi.o
  CC      kernel/module/procfs.o
  CC      fs/proc/generic.o
  CC      fs/proc/array.o
  CC      drivers/clk/mediatek/clk-cpumux.o
  CC      kernel/futex/waitwake.o
  CC      lib/fonts/fonts.o
  CC      fs/kernfs/symlink.o
  CC      kernel/irq/affinity.o
  CC      kernel/time/ntp.o
  CC      kernel/time/clocksource.o
  CC      kernel/module/sysfs.o
  CC      fs/sysfs/mount.o
  CC      drivers/clk/mediatek/reset.o
  CC      kernel/time/jiffies.o
  AR      kernel/futex/built-in.a
  CC      fs/proc/fd.o
  CC      lib/fonts/font_8x8.o
  CC      fs/proc/proc_tty.o
  CC      lib/fonts/font_8x16.o
  CC      net/core/utils.o
  AR      kernel/irq/built-in.a
  CC      drivers/clk/mediatek/clk-mux.o
  CC      lib/sbitmap.o
  AR      fs/kernfs/built-in.a
  CC      lib/group_cpus.o
  CC      lib/devmem_is_allowed.o
  AR      lib/fonts/built-in.a
  CC      fs/proc/cmdline.o
  CC      fs/sysfs/group.o
  CC      kernel/time/timer_list.o
  CC      kernel/time/timeconv.o
  AR      drivers/clk/mediatek/built-in.a
  AR      kernel/module/built-in.a
  AR      drivers/clk/mstar/built-in.a
  AR      lib/lib.a
  AR      drivers/clk/mvebu/built-in.a
  AR      drivers/clk/ralink/built-in.a
  CC      kernel/time/timecounter.o
  AR      drivers/clk/renesas/built-in.a
  AR      drivers/clk/socfpga/built-in.a
  CC      kernel/time/alarmtimer.o
  AR      drivers/clk/sophgo/built-in.a
  AR      drivers/clk/spacemit/built-in.a
  AR      drivers/clk/sprd/built-in.a
  AR      drivers/clk/starfive/built-in.a
  AR      drivers/clk/sunxi-ng/built-in.a
  CC      net/core/link_watch.o
  AR      drivers/clk/ti/built-in.a
  CC      kernel/stop_machine.o
  AR      drivers/clk/versatile/built-in.a
  AR      drivers/clk/xilinx/built-in.a
  AR      drivers/clk/built-in.a
  CC      fs/configfs/inode.o
  AR      lib/built-in.a
  CC      fs/configfs/file.o
  AR      drivers/soc/apple/built-in.a
  AR      drivers/soc/aspeed/built-in.a
  AR      drivers/soc/bcm/built-in.a
  AR      drivers/soc/fsl/built-in.a
  AR      drivers/soc/fujitsu/built-in.a
  AR      drivers/soc/hisilicon/built-in.a
  AR      drivers/virtio/built-in.a
  AR      drivers/soc/imx/built-in.a
  AR      drivers/soc/ixp4xx/built-in.a
  CC      kernel/time/posix-timers.o
  AR      drivers/soc/loongson/built-in.a
  CC      fs/proc/consoles.o
  CC      kernel/irq_work.o
  CC      drivers/soc/mediatek/mtk-regulator-coupler.o
  AR      fs/sysfs/built-in.a
  CC      fs/configfs/dir.o
  CC      fs/configfs/symlink.o
  CC      drivers/soc/mediatek/mtk-mmsys.o
  CC      drivers/soc/mediatek/mtk-mutex.o
  AR      drivers/soc/microchip/built-in.a
  CC      kernel/cpu_pm.o
  AR      drivers/soc/nuvoton/built-in.a
  AR      drivers/soc/pxa/built-in.a
  CC      fs/proc/cpuinfo.o
  CC      fs/proc/devices.o
  CC      fs/proc/interrupts.o
  CC      fs/configfs/mount.o
  CC      fs/configfs/item.o
  CC      net/core/filter.o
  CC      net/core/sock_diag.o
  CC      net/core/dev_ioctl.o
  CC      kernel/time/posix-cpu-timers.o
  CC      kernel/time/posix-clock.o
  AR      drivers/soc/mediatek/built-in.a
  AR      drivers/soc/amlogic/built-in.a
  CC      kernel/time/itimer.o
  AR      drivers/soc/qcom/built-in.a
  AR      drivers/soc/renesas/built-in.a
  AR      drivers/soc/rockchip/built-in.a
  AR      drivers/soc/sophgo/built-in.a
  AR      drivers/soc/sunxi/built-in.a
  AR      drivers/soc/ti/built-in.a
  CC      kernel/time/clockevents.o
  AR      drivers/soc/versatile/built-in.a
  AR      drivers/soc/vt8500/built-in.a
  AR      drivers/soc/xilinx/built-in.a
  CC      fs/proc/loadavg.o
  AR      drivers/soc/built-in.a
  CC      drivers/regulator/core.o
  CC      drivers/regulator/dummy.o
  CC      drivers/regulator/fixed-helper.o
  AR      fs/configfs/built-in.a
  CC      drivers/regulator/helpers.o
  CC      drivers/regulator/devres.o
  CC      drivers/regulator/irq_helpers.o
  CC      net/netlink/af_netlink.o
  CC      net/netlink/genetlink.o
  CC      fs/proc/meminfo.o
  CC      net/netlink/policy.o
  CC      kernel/time/tick-common.o
  CC      net/core/tso.o
  CC      kernel/time/tick-broadcast.o
  CC      fs/devpts/inode.o
  CC      drivers/regulator/of_regulator.o
  CC      net/core/sock_reuseport.o
  CC      net/core/fib_notifier.o
  CC      fs/proc/stat.o
  CC      net/core/xdp.o
  CC      kernel/time/tick-broadcast-hrtimer.o
  CC      net/core/flow_offload.o
  CC      drivers/regulator/fixed.o
  CC      drivers/regulator/mt6323-regulator.o
  CC      kernel/time/sched_clock.o
  CC      fs/proc/uptime.o
  AR      fs/devpts/built-in.a
  CC      fs/proc/util.o
  CC      fs/proc/version.o
  CC      fs/proc/softirqs.o
  AR      net/netlink/built-in.a
  CC      fs/ext4/balloc.o
  CC      fs/jbd2/transaction.o
  CC      kernel/time/tick-oneshot.o
  CC      fs/ext4/bitmap.o
  CC      fs/ext4/block_validity.o
  CC      fs/ext4/dir.o
  CC      fs/ext4/ext4_jbd2.o
  CC      fs/ext4/extents.o
  CC      fs/proc/namespaces.o
  CC      kernel/time/tick-sched.o
  AR      drivers/regulator/built-in.a
  CC      drivers/reset/core.o
  AR      drivers/reset/amlogic/built-in.a
  CC      net/core/gro.o
  CC      drivers/tty/tty_io.o
  AR      drivers/reset/hisilicon/built-in.a
  CC      fs/jbd2/commit.o
  AR      net/bpf/built-in.a
  CC      fs/jbd2/recovery.o
  CC      fs/jbd2/checkpoint.o
  AR      drivers/reset/starfive/built-in.a
  AR      drivers/reset/sti/built-in.a
  CC      fs/ext4/extents_status.o
  CC      net/core/netdev-genl.o
  CC      kernel/time/timer_migration.o
  CC      kernel/time/timekeeping_debug.o
  AR      drivers/reset/tegra/built-in.a
  AR      drivers/reset/built-in.a
  CC      fs/proc/self.o
  CC      fs/proc/thread_self.o
  CC      drivers/char/mem.o
  AR      drivers/iommu/arm/arm-smmu/built-in.a
  AR      drivers/iommu/arm/arm-smmu-v3/built-in.a
  AR      drivers/iommu/arm/built-in.a
  AR      drivers/iommu/iommufd/built-in.a
  AR      drivers/iommu/built-in.a
  CC      fs/ext4/file.o
  CC      drivers/tty/n_tty.o
  CC      drivers/tty/tty_ioctl.o
  AR      kernel/time/built-in.a
  CC      kernel/bpf/core.o
  CC      kernel/context_tracking.o
  CC      fs/jbd2/revoke.o
  CC      kernel/iomem.o
  CC      fs/proc/proc_net.o
  CC      fs/ext4/fsmap.o
  CC      fs/ext4/fsync.o
  CC      drivers/char/random.o
  CC      net/core/netdev-genl-gen.o
  CC      fs/ext4/hash.o
  CC      fs/ramfs/inode.o
  CC      drivers/tty/tty_ldisc.o
  CC      drivers/tty/tty_buffer.o
  CC      fs/jbd2/journal.o
  CC      drivers/tty/tty_port.o
  CC      net/core/gso.o
  CC      fs/proc/kmsg.o
  CC      fs/ext4/ialloc.o
  CC      drivers/tty/tty_mutex.o
  CC      net/ethtool/ioctl.o
  AR      kernel/bpf/built-in.a
  AR      kernel/built-in.a
  CC      drivers/char/misc.o
  CC      fs/ramfs/file-mmu.o
  AR      drivers/char/agp/built-in.a
  CC      fs/fat/cache.o
  CC      fs/fat/dir.o
  CC      fs/fat/fatent.o
  CC      fs/ext4/indirect.o
  AR      fs/proc/built-in.a
  CC      fs/ext4/inline.o
  AR      fs/jbd2/built-in.a
  CC      net/ethtool/common.o
  CC      drivers/tty/tty_ldsem.o
  CC      net/core/net-sysfs.o
  AR      drivers/char/built-in.a
  AR      fs/ramfs/built-in.a
  CC      drivers/tty/tty_baudrate.o
  CC      drivers/tty/tty_jobctrl.o
  AR      drivers/gpu/host1x/built-in.a
  AR      drivers/gpu/vga/built-in.a
  CC      fs/fat/file.o
  CC      drivers/gpu/drm/drm_atomic.o
  CC      drivers/gpu/drm/drm_atomic_uapi.o
  CC      net/ipv4/route.o
  CC      fs/ext4/inode.o
  CC      drivers/gpu/drm/drm_auth.o
  CC      drivers/gpu/drm/drm_blend.o
  CC      fs/ext4/ioctl.o
  CC      drivers/tty/n_null.o
  CC      net/ipv4/inetpeer.o
  CC      fs/fat/inode.o
  AR      net/ethtool/built-in.a
  CC      fs/fat/misc.o
  CC      net/core/hotdata.o
  CC      net/core/netdev_rx_queue.o
  CC      net/unix/af_unix.o
  CC      net/unix/garbage.o
  CC      drivers/tty/pty.o
  CC      drivers/gpu/drm/drm_bridge.o
  CC      drivers/tty/vt/vt_ioctl.o
  CC      drivers/tty/vt/vc_screen.o
  CC      drivers/tty/vt/selection.o
  CC      net/ipv4/protocol.o
  CC      net/ipv4/ip_input.o
  CC      fs/fat/nfs.o
  CC      fs/ext4/mballoc.o
  CC      fs/fat/namei_vfat.o
  CC      drivers/gpu/drm/drm_cache.o
  CC      net/core/netdev_queues.o
  CC      drivers/gpu/drm/drm_color_mgmt.o
  CC      drivers/gpu/drm/drm_connector.o
  CC      drivers/gpu/drm/drm_crtc.o
  CC      drivers/gpu/drm/drm_displayid.o
  CC      drivers/tty/vt/keyboard.o
  CC      drivers/tty/vt/vt.o
  CC      drivers/base/component.o
  CC      net/unix/diag.o
  CC      net/ipv4/ip_fragment.o
  AR      fs/fat/built-in.a
  CC      net/ipv4/ip_forward.o
  CC      fs/nls/nls_base.o
  CC      net/core/net-procfs.o
  CC      fs/nls/nls_cp437.o
  CC      net/ipv4/ip_options.o
  CC      drivers/gpu/drm/drm_drv.o
  CC      drivers/base/core.o
  CC      drivers/base/bus.o
  AR      net/unix/built-in.a
  CC      drivers/base/dd.o
  CC      fs/ext4/migrate.o
  CC      fs/ext4/mmp.o
  CC      fs/nls/nls_iso8859-1.o
  COPY    drivers/tty/vt/defkeymap.c
  CC      drivers/tty/vt/defkeymap.o
  CC      net/ipv6/addrconf_core.o
  AR      drivers/tty/vt/built-in.a
  CC      drivers/tty/serial/serial_core.o
  CC      drivers/tty/serial/serial_base_bus.o
  CC      drivers/gpu/drm/drm_dumb_buffers.o
  CC      net/core/of_net.o
  AR      fs/nls/built-in.a
  CC      drivers/gpu/drm/drm_edid.o
  AR      fs/unicode/built-in.a
  CC      fs/ext4/move_extent.o
  AR      fs/hostfs/built-in.a
  CC      fs/ext4/namei.o
  CC      fs/debugfs/inode.o
  CC      fs/ext4/page-io.o
  CC      net/ipv4/ip_output.o
  CC      fs/debugfs/file.o
  CC      drivers/tty/serial/serial_ctrl.o
  CC      net/ipv6/exthdrs_core.o
  AR      net/core/built-in.a
  CC      drivers/tty/serial/serial_port.o
  CC      drivers/base/syscore.o
  CC      drivers/base/driver.o
  CC      drivers/base/class.o
  CC      drivers/base/platform.o
  CC      drivers/base/cpu.o
  CC      drivers/base/firmware.o
  CC      fs/ext4/readpage.o
  AR      fs/debugfs/built-in.a
  CC      drivers/base/init.o
  CC      net/ipv4/ip_sockglue.o
  CC      drivers/gpu/drm/drm_eld.o
  CC      drivers/tty/serial/earlycon.o
  CC      net/ipv6/ip6_checksum.o
  CC      drivers/gpu/drm/drm_encoder.o
  AR      drivers/tty/ipwireless/built-in.a
  CC      net/ipv4/inet_hashtables.o
  CC      drivers/tty/serial/8250/8250_core.o
  CC      drivers/tty/serial/serial_mctrl_gpio.o
  CC      fs/ext4/resize.o
  CC      net/ipv4/inet_timewait_sock.o
  CC      drivers/base/map.o
  CC      fs/ext4/super.o
  CC      drivers/base/devres.o
  CC      fs/ext4/symlink.o
  CC      net/ipv6/ip6_icmp.o
  CC      net/packet/af_packet.o
  CC      drivers/gpu/drm/drm_file.o
  CC      drivers/tty/serial/8250/8250_platform.o
  CC      drivers/gpu/drm/drm_fourcc.o
  CC      drivers/tty/serial/8250/8250_port.o
  CC      drivers/tty/serial/8250/8250_early.o
  CC      drivers/gpu/drm/drm_framebuffer.o
  CC      drivers/base/attribute_container.o
  CC      net/ipv4/inet_connection_sock.o
  CC      drivers/base/transport_class.o
  CC      drivers/base/topology.o
  CC      drivers/gpu/drm/drm_gem.o
  CC      drivers/gpu/drm/drm_ioctl.o
  CC      net/ipv6/output_core.o
  CC      net/ipv6/protocol.o
  CC      net/ipv6/ip6_offload.o
  CC      net/ipv6/tcpv6_offload.o
  CC      drivers/tty/serial/8250/8250_fsl.o
  CC      drivers/base/container.o
  CC      drivers/base/property.o
  CC      fs/ext4/sysfs.o
  CC      drivers/base/cacheinfo.o
  CC      drivers/gpu/drm/drm_lease.o
  AR      net/packet/built-in.a
  CC      drivers/base/swnode.o
  CC      drivers/gpu/drm/drm_managed.o
  CC      drivers/gpu/drm/drm_mm.o
  CC      drivers/gpu/drm/drm_mode_config.o
  CC      net/ipv4/tcp.o
  CC      drivers/tty/serial/8250/8250_mtk.o
  CC      net/ipv4/tcp_input.o
  CC      net/ipv4/tcp_output.o
  CC      net/ipv6/exthdrs_offload.o
  CC      net/ipv4/tcp_timer.o
  CC      fs/ext4/xattr.o
  CC      drivers/base/faux.o
  CC      drivers/base/devtmpfs.o
  CC      drivers/base/power/sysfs.o
  CC      drivers/base/firmware_loader/builtin/main.o
  CC      drivers/gpu/drm/drm_mode_object.o
  AR      drivers/base/firmware_loader/builtin/built-in.a
  AR      drivers/base/firmware_loader/built-in.a
  AR      net/dsa/built-in.a
  CC      drivers/base/power/generic_ops.o
  CC      drivers/gpu/drm/drm_modes.o
  AR      net/ipv6/built-in.a
  AR      drivers/tty/serial/8250/built-in.a
  CC      drivers/gpu/drm/drm_modeset_lock.o
  AR      drivers/tty/serial/built-in.a
  CC      drivers/gpu/drm/drm_plane.o
  AR      drivers/tty/built-in.a
  CC      drivers/gpu/drm/drm_prime.o
  CC      net/ipv4/tcp_ipv4.o
  CC      drivers/base/power/common.o
  CC      fs/ext4/xattr_hurd.o
  CC      fs/ext4/xattr_trusted.o
  CC      drivers/gpu/drm/drm_print.o
  CC      net/ipv4/tcp_minisocks.o
  CC      net/ipv4/tcp_cong.o
  CC      net/ipv4/tcp_metrics.o
  CC      net/ipv4/tcp_fastopen.o
  CC      fs/ext4/xattr_user.o
  CC      drivers/base/power/qos.o
  CC      net/ipv4/tcp_rate.o
  CC      drivers/gpu/drm/drm_property.o
  CC      net/ipv4/tcp_recovery.o
  CC      drivers/gpu/drm/drm_rect.o
  CC      fs/ext4/fast_commit.o
  CC      net/ipv4/tcp_ulp.o
  CC      drivers/base/power/runtime.o
  CC      drivers/base/power/wakeirq.o
  CC      drivers/base/power/main.o
  CC      drivers/gpu/drm/drm_syncobj.o
  CC      drivers/base/power/wakeup.o
  CC      drivers/base/power/wakeup_stats.o
  CC      drivers/base/power/clock_ops.o
  AR      drivers/block/built-in.a
  CC      fs/ext4/orphan.o
  AR      drivers/misc/eeprom/built-in.a
  AR      drivers/misc/cb710/built-in.a
  CC      net/ipv4/tcp_offload.o
  CC      net/ipv4/tcp_plb.o
  AR      drivers/misc/lis3lv02d/built-in.a
  AR      drivers/misc/cardreader/built-in.a
  AR      drivers/misc/keba/built-in.a
  AR      drivers/misc/amd-sbi/built-in.a
  CC      net/ipv4/datagram.o
  CC      drivers/gpu/drm/drm_sysfs.o
  CC      drivers/mfd/mfd-core.o
  AR      drivers/misc/built-in.a
  CC      drivers/gpu/drm/drm_trace_points.o
  CC      drivers/mfd/mt6397-core.o
  CC      drivers/base/module.o
  CC      drivers/base/regmap/regmap.o
  CC      drivers/base/pinctrl.o
  AR      drivers/base/power/built-in.a
  CC      net/ipv4/raw.o
  CC      net/ipv4/udp.o
  CC      net/ipv4/udplite.o
  CC      drivers/gpu/drm/drm_vblank.o
  CC      net/ipv4/udp_offload.o
  CC      net/ipv4/arp.o
  CC      drivers/mfd/mt6397-irq.o
  AR      fs/ext4/built-in.a
  AR      fs/built-in.a
  AR      drivers/base/test/built-in.a
  CC      drivers/base/regmap/regcache.o
  CC      net/ipv4/icmp.o
  AR      drivers/nfc/built-in.a
  CC      net/ipv4/devinet.o
  CC      net/ipv4/af_inet.o
  CC      drivers/base/regmap/regcache-rbtree.o
  CC      drivers/gpu/drm/drm_vblank_work.o
  CC      net/ipv4/igmp.o
  CC      drivers/mfd/mt6358-irq.o
  CC      drivers/mfd/syscon.o
  CC      net/ipv4/fib_frontend.o
  CC      drivers/base/regmap/regcache-flat.o
  CC      net/ipv4/fib_semantics.o
  CC      drivers/gpu/drm/drm_vma_manager.o
  CC      drivers/gpu/drm/drm_writeback.o
  AR      drivers/mfd/built-in.a
  CC      drivers/gpu/drm/drm_client.o
  AR      drivers/dax/hmem/built-in.a
  AR      drivers/dax/built-in.a
  CC      net/ipv4/fib_trie.o
  CC      drivers/gpu/drm/drm_client_event.o
  CC      drivers/dma-buf/dma-buf.o
  CC      drivers/gpu/drm/drm_client_modeset.o
  CC      drivers/base/regmap/regcache-maple.o
  CC      net/ipv4/fib_notifier.o
  CC      drivers/dma-buf/dma-fence.o
  AR      drivers/cxl/core/built-in.a
  AR      drivers/cxl/built-in.a
  CC      net/ipv4/inet_fragment.o
  CC      drivers/base/regmap/regmap-debugfs.o
  CC      net/ipv4/ping.o
  AR      drivers/macintosh/built-in.a
  CC      net/ipv4/ip_tunnel_core.o
  CC      net/ipv4/gre_offload.o
  CC      drivers/gpu/drm/drm_panel.o
  CC      drivers/gpu/drm/drm_of.o
  CC      drivers/base/regmap/regmap-i2c.o
  CC      drivers/gpu/drm/drm_debugfs.o
  CC      drivers/dma-buf/dma-fence-array.o
  CC      net/ipv4/metrics.o
  CC      drivers/base/regmap/regmap-mmio.o
  CC      drivers/gpu/drm/drm_debugfs_crc.o
  CC      drivers/gpu/drm/drm_panel_orientation_quirks.o
  CC      net/ipv4/netlink.o
  CC      drivers/gpu/drm/drm_gem_dma_helper.o
  CC      drivers/dma-buf/dma-fence-chain.o
  CC      drivers/dma-buf/dma-fence-unwrap.o
  CC      drivers/dma-buf/dma-resv.o
  CC      drivers/dma-buf/sync_file.o
  AR      drivers/scsi/arm/built-in.a
  AR      drivers/scsi/built-in.a
  CC      net/ipv4/nexthop.o
  AR      drivers/base/regmap/built-in.a
  AR      drivers/base/built-in.a
  CC      drivers/gpu/drm/drm_fbdev_dma.o
  CC      drivers/gpu/drm/drm_fb_dma_helper.o
  CC      net/ipv4/udp_tunnel_stub.o
  CC      net/ipv4/proc.o
  CC      drivers/gpu/drm/drm_atomic_helper.o
  CC      net/ipv4/tcp_cubic.o
  AR      drivers/nvme/common/built-in.a
  AR      drivers/nvme/host/built-in.a
  AR      drivers/nvme/target/built-in.a
  CC      drivers/gpu/drm/drm_atomic_state_helper.o
  CC      drivers/gpu/drm/drm_bridge_helper.o
  AR      drivers/dma-buf/built-in.a
  AR      drivers/nvme/built-in.a
  CC      drivers/gpu/drm/drm_crtc_helper.o
  CC      drivers/gpu/drm/drm_damage_helper.o
  CC      drivers/gpu/drm/drm_flip_work.o
  CC      drivers/net/loopback.o
  AR      drivers/firewire/built-in.a
  CC      drivers/gpu/drm/drm_format_helper.o
  AR      drivers/net/phy/mediatek/built-in.a
  AR      drivers/net/phy/qcom/built-in.a
  AR      drivers/net/phy/built-in.a
  AR      drivers/net/pse-pd/built-in.a
  AR      drivers/cdrom/built-in.a
  AR      drivers/net/mdio/built-in.a
  AR      drivers/auxdisplay/built-in.a
  CC      drivers/gpu/drm/drm_gem_atomic_helper.o
  AR      drivers/net/pcs/built-in.a
  CC      drivers/gpu/drm/drm_gem_framebuffer_helper.o
  CC      drivers/gpu/drm/drm_kms_helper_common.o
  CC      drivers/usb/common/common.o
  CC      drivers/usb/phy/of.o
  CC      drivers/input/input.o
  CC      drivers/rtc/lib.o
  CC      drivers/gpu/drm/drm_modeset_helper.o
  CC      drivers/i2c/i2c-boardinfo.o
  AR      drivers/i3c/built-in.a
  CC      drivers/gpu/drm/drm_plane_helper.o
  AR      net/ipv4/built-in.a
  AR      net/built-in.a
  CC      drivers/gpu/drm/drm_probe_helper.o
  CC      drivers/usb/musb/musb_core.o
  CC      drivers/usb/musb/musb_trace.o
  CC      drivers/usb/gadget/usbstring.o
  CC      drivers/rtc/class.o
  AR      drivers/net/built-in.a
  CC      drivers/rtc/interface.o
  AR      drivers/usb/common/built-in.a
  CC      drivers/rtc/dev.o
  CC      drivers/rtc/proc.o
  AR      drivers/usb/phy/built-in.a
  CC      drivers/rtc/sysfs.o
  CC      drivers/i2c/i2c-core-base.o
  CC      drivers/i2c/i2c-core-smbus.o
  CC      drivers/usb/gadget/config.o
  CC      drivers/gpu/drm/drm_self_refresh_helper.o
  CC      drivers/input/input-compat.o
  CC      drivers/input/input-mt.o
  CC      drivers/input/input-poller.o
  CC      drivers/input/ff-core.o
  CC      drivers/i2c/i2c-core-of.o
  CC      drivers/usb/gadget/epautoconf.o
  CC      drivers/usb/musb/musb_gadget_ep0.o
  CC      drivers/rtc/rtc-mt6397.o
  CC      drivers/i2c/i2c-dev.o
  CC      drivers/gpu/drm/drm_simple_kms_helper.o
  CC      drivers/input/touchscreen.o
  CC      drivers/gpu/drm/bridge/panel.o
  CC      drivers/gpu/drm/drm_fb_helper.o
  AR      drivers/gpu/drm/tests/built-in.a
  CC      drivers/input/touch-overlay.o
  CC      drivers/gpu/drm/drm_mipi_dsi.o
  AR      drivers/gpu/drm/arm/built-in.a
  AR      drivers/i2c/algos/built-in.a
  CC      drivers/usb/gadget/composite.o
  CC      drivers/usb/gadget/functions.o
  CC      drivers/gpu/drm/clients/drm_client_setup.o
  CC      drivers/usb/musb/musb_gadget.o
  AR      drivers/rtc/built-in.a
  CC      drivers/usb/musb/musb_debugfs.o
  AR      drivers/i2c/muxes/built-in.a
  CC      drivers/i2c/busses/i2c-mt65xx.o
  CC      drivers/input/evdev.o
  AR      drivers/media/i2c/built-in.a
  AR      drivers/media/tuners/built-in.a
  AR      drivers/media/rc/keymaps/built-in.a
  AR      drivers/ptp/built-in.a
  AR      drivers/media/rc/built-in.a
  CC      drivers/gpu/drm/display/drm_display_helper_mod.o
  CC      drivers/media/cec/core/cec-core.o
  CC      drivers/gpu/drm/clients/drm_fbdev_client.o
  CC      drivers/media/cec/core/cec-adap.o
  CC      drivers/media/cec/core/cec-api.o
  AR      drivers/media/common/b2c2/built-in.a
  AR      drivers/media/common/saa7146/built-in.a
  AR      drivers/media/common/siano/built-in.a
  AR      drivers/media/common/v4l2-tpg/built-in.a
  AR      drivers/media/common/videobuf2/built-in.a
  CC      drivers/usb/gadget/configfs.o
  AR      drivers/media/common/built-in.a
  AR      drivers/media/platform/allegro-dvt/built-in.a
  CC      drivers/usb/gadget/u_f.o
  AR      drivers/media/platform/amlogic/c3/isp/built-in.a
  AR      drivers/media/platform/amlogic/c3/mipi-adapter/built-in.a
  AR      drivers/media/platform/amlogic/c3/mipi-csi2/built-in.a
  AR      drivers/media/platform/amlogic/c3/built-in.a
  AR      drivers/media/platform/amlogic/meson-ge2d/built-in.a
  AR      drivers/media/platform/amlogic/built-in.a
  AR      drivers/media/platform/amphion/built-in.a
  AR      drivers/media/platform/aspeed/built-in.a
  AR      drivers/media/platform/atmel/built-in.a
  AR      drivers/media/platform/broadcom/built-in.a
  CC      drivers/gpu/drm/display/drm_bridge_connector.o
  AR      drivers/media/platform/cadence/built-in.a
  AR      drivers/usb/musb/built-in.a
  AR      drivers/media/platform/imagination/built-in.a
  AR      drivers/media/platform/chips-media/coda/built-in.a
  AR      drivers/media/platform/intel/built-in.a
  AR      drivers/media/platform/marvell/built-in.a
  AR      drivers/media/platform/chips-media/wave5/built-in.a
  CC      drivers/input/keyboard/gpio_keys_polled.o
  CC      drivers/gpu/drm/display/drm_hdmi_audio_helper.o
  AR      drivers/media/platform/chips-media/built-in.a
  AR      drivers/media/pci/ttpci/built-in.a
  AR      drivers/media/pci/b2c2/built-in.a
  AR      drivers/media/platform/mediatek/jpeg/built-in.a
  AR      drivers/media/platform/mediatek/mdp/built-in.a
  AR      drivers/media/pci/pluto2/built-in.a
  AR      drivers/media/pci/dm1105/built-in.a
  AR      drivers/media/platform/mediatek/vcodec/common/built-in.a
  AR      drivers/media/pci/pt1/built-in.a
  AR      drivers/media/platform/mediatek/vcodec/encoder/built-in.a
  AR      drivers/media/pci/pt3/built-in.a
  AR      drivers/media/platform/mediatek/vcodec/decoder/built-in.a
  AR      drivers/media/platform/mediatek/vcodec/built-in.a
  AR      drivers/media/pci/mantis/built-in.a
  AR      drivers/media/platform/mediatek/vpu/built-in.a
  AR      drivers/media/pci/ngene/built-in.a
  AR      drivers/media/platform/mediatek/mdp3/built-in.a
  AR      drivers/media/platform/microchip/built-in.a
  AR      drivers/i2c/busses/built-in.a
  AR      drivers/media/platform/mediatek/built-in.a
  AR      drivers/media/pci/ddbridge/built-in.a
  CC      drivers/power/reset/mt6323-poweroff.o
  AR      drivers/i2c/built-in.a
  AR      drivers/media/platform/nuvoton/built-in.a
  AR      drivers/media/pci/saa7146/built-in.a
  CC      drivers/power/supply/power_supply_core.o
  AR      drivers/media/pci/smipcie/built-in.a
  AR      drivers/media/platform/nvidia/tegra-vde/built-in.a
  AR      drivers/media/platform/nvidia/built-in.a
  AR      drivers/media/pci/netup_unidvb/built-in.a
  AR      drivers/media/pci/intel/ipu3/built-in.a
  AR      drivers/media/platform/nxp/dw100/built-in.a
  AR      drivers/media/platform/nxp/imx-jpeg/built-in.a
  AR      drivers/media/pci/intel/ivsc/built-in.a
  AR      drivers/media/platform/nxp/imx8-isi/built-in.a
  AR      drivers/media/pci/intel/built-in.a
  AR      drivers/media/platform/qcom/camss/built-in.a
  AR      drivers/media/platform/nxp/built-in.a
  AR      drivers/media/pci/built-in.a
  AR      drivers/media/platform/qcom/iris/built-in.a
  CC      drivers/input/keyboard/mtk-pmic-keys.o
  AR      drivers/media/platform/qcom/venus/built-in.a
  CC      drivers/power/supply/power_supply_sysfs.o
  AR      drivers/media/cec/core/built-in.a
  CC      drivers/gpu/drm/display/drm_hdmi_cec_helper.o
  AR      drivers/media/platform/qcom/built-in.a
  AR      drivers/media/cec/i2c/built-in.a
  AR      drivers/media/cec/platform/meson/built-in.a
  AR      drivers/media/platform/raspberrypi/pisp_be/built-in.a
  AR      drivers/media/platform/raspberrypi/rp1-cfe/built-in.a
  AR      drivers/media/cec/platform/built-in.a
  AR      drivers/media/platform/raspberrypi/built-in.a
  AR      drivers/media/cec/usb/built-in.a
  AR      drivers/media/platform/renesas/rcar-isp/built-in.a
  AR      drivers/media/cec/built-in.a
  AR      drivers/media/platform/renesas/rcar-vin/built-in.a
  CC      drivers/gpu/drm/display/drm_hdmi_helper.o
  AR      drivers/media/platform/renesas/rzg2l-cru/built-in.a
  AR      drivers/media/platform/renesas/vsp1/built-in.a
  AR      drivers/gpu/drm/clients/built-in.a
  AR      drivers/media/platform/renesas/built-in.a
  AR      drivers/media/usb/b2c2/built-in.a
  AR      drivers/media/platform/rockchip/rga/built-in.a
  AR      drivers/media/usb/dvb-usb/built-in.a
  AR      drivers/media/platform/rockchip/rkisp1/built-in.a
  AR      drivers/media/usb/dvb-usb-v2/built-in.a
  AR      drivers/media/platform/rockchip/rkvdec/built-in.a
  AR      drivers/media/usb/s2255/built-in.a
  AR      drivers/media/platform/rockchip/built-in.a
  AR      drivers/media/usb/siano/built-in.a
  AR      drivers/media/platform/samsung/exynos-gsc/built-in.a
  AR      drivers/media/platform/samsung/exynos4-is/built-in.a
  AR      drivers/media/usb/ttusb-budget/built-in.a
  AR      drivers/media/platform/samsung/s3c-camif/built-in.a
  AR      drivers/media/mmc/siano/built-in.a
  AR      drivers/media/usb/ttusb-dec/built-in.a
  AR      drivers/media/mmc/built-in.a
  AR      drivers/media/platform/samsung/s5p-g2d/built-in.a
  AR      drivers/media/usb/built-in.a
  AR      drivers/media/platform/samsung/s5p-jpeg/built-in.a
  AR      drivers/input/misc/built-in.a
  AR      drivers/media/firewire/built-in.a
  CC      drivers/usb/gadget/udc/core.o
  CC      drivers/usb/gadget/udc/trace.o
  AR      drivers/media/platform/samsung/s5p-mfc/built-in.a
  CC      drivers/usb/gadget/function/f_acm.o
  AR      drivers/media/platform/samsung/built-in.a
  AR      drivers/media/platform/st/sti/bdisp/built-in.a
  AR      drivers/media/platform/sunxi/sun4i-csi/built-in.a
  AR      drivers/media/platform/st/sti/c8sectpfe/built-in.a
  AR      drivers/media/platform/sunxi/sun6i-csi/built-in.a
  AR      drivers/media/platform/st/sti/delta/built-in.a
  CC      drivers/gpu/drm/display/drm_scdc_helper.o
  AR      drivers/media/platform/sunxi/sun6i-mipi-csi2/built-in.a
  AR      drivers/media/platform/sunxi/sun8i-a83t-mipi-csi2/built-in.a
  AR      drivers/power/reset/built-in.a
  AR      drivers/media/platform/st/sti/hva/built-in.a
  AR      drivers/media/platform/sunxi/sun8i-di/built-in.a
  AR      drivers/media/platform/st/stm32/built-in.a
  AR      drivers/media/platform/sunxi/sun8i-rotate/built-in.a
  AR      drivers/media/platform/st/built-in.a
  CC      drivers/usb/gadget/function/u_serial.o
  AR      drivers/media/platform/sunxi/built-in.a
  CC      drivers/usb/gadget/function/u_ether.o
  AR      drivers/media/platform/synopsys/hdmirx/built-in.a
  AR      drivers/media/platform/ti/am437x/built-in.a
  AR      drivers/media/platform/synopsys/built-in.a
  AR      drivers/media/platform/ti/cal/built-in.a
  AR      drivers/media/platform/ti/vpe/built-in.a
  AR      drivers/gpu/drm/renesas/rcar-du/built-in.a
  AR      drivers/media/platform/ti/davinci/built-in.a
  AR      drivers/gpu/drm/renesas/rz-du/built-in.a
  AR      drivers/power/supply/built-in.a
  AR      drivers/gpu/drm/renesas/built-in.a
  AR      drivers/media/platform/ti/j721e-csi2rx/built-in.a
  AR      drivers/power/built-in.a
  AR      drivers/media/platform/ti/omap/built-in.a
  AR      drivers/media/platform/verisilicon/built-in.a
  AR      drivers/media/platform/ti/omap3isp/built-in.a
  AR      drivers/gpu/drm/omapdrm/built-in.a
  AR      drivers/gpu/drm/tilcdc/built-in.a
  CC      drivers/usb/gadget/function/f_ecm.o
  AR      drivers/media/platform/ti/built-in.a
  AR      drivers/gpu/drm/imx/built-in.a
  AR      drivers/media/platform/via/built-in.a
  AR      drivers/media/platform/xilinx/built-in.a
  AR      drivers/media/platform/built-in.a
  AR      drivers/gpu/drm/panel/built-in.a
  AR      drivers/input/keyboard/built-in.a
  AR      drivers/media/spi/built-in.a
  AR      drivers/input/built-in.a
  CC      drivers/thermal/thermal_core.o
  AR      drivers/media/test-drivers/built-in.a
  CC      drivers/watchdog/watchdog_core.o
  CC      drivers/watchdog/watchdog_dev.o
  AR      drivers/media/built-in.a
  CC      drivers/thermal/thermal_sysfs.o
  CC      drivers/thermal/thermal_trip.o
  CC      drivers/thermal/thermal_helpers.o
  CC      drivers/gpu/drm/display/drm_hdmi_state_helper.o
  CC      drivers/thermal/thermal_thresholds.o
  AR      drivers/usb/gadget/udc/built-in.a
  CC      drivers/watchdog/mtk_wdt.o
  CC      drivers/opp/core.o
  CC      drivers/opp/cpu.o
  CC      drivers/opp/of.o
  CC      drivers/opp/debugfs.o
  CC      drivers/thermal/thermal_of.o
  CC      drivers/cpufreq/cpufreq.o
  CC      drivers/cpufreq/freq_table.o
  AR      drivers/gpu/drm/bridge/analogix/built-in.a
  AR      drivers/gpu/drm/bridge/cadence/built-in.a
  AR      drivers/gpu/drm/bridge/imx/built-in.a
  AR      drivers/gpu/drm/bridge/synopsys/built-in.a
  AR      drivers/gpu/drm/bridge/built-in.a
  CC      drivers/thermal/gov_step_wise.o
  AR      drivers/watchdog/built-in.a
  CC      drivers/usb/gadget/legacy/cdc2.o
  CC      drivers/thermal/cpufreq_cooling.o
  AR      drivers/usb/gadget/function/built-in.a
  AR      drivers/thermal/broadcom/built-in.a
  AR      drivers/gpu/drm/hisilicon/built-in.a
  AR      drivers/gpu/drm/display/built-in.a
  AR      drivers/thermal/renesas/built-in.a
  AR      drivers/gpu/drm/mxsfb/built-in.a
  AR      drivers/thermal/samsung/built-in.a
  AR      drivers/gpu/drm/sysfb/built-in.a
  AR      drivers/gpu/drm/tiny/built-in.a
  CC      drivers/cpuidle/cpuidle.o
  CC      drivers/cpuidle/driver.o
  AR      drivers/gpu/drm/xlnx/built-in.a
  CC      drivers/cpuidle/governor.o
  AR      drivers/gpu/drm/gud/built-in.a
  AR      drivers/gpu/drm/sitronix/built-in.a
  AR      drivers/gpu/drm/solomon/built-in.a
  AR      drivers/thermal/intel/built-in.a
  CC [M]  drivers/gpu/drm/mediatek/mtk_crtc.o
  AR      drivers/gpu/drm/built-in.a
  AR      drivers/thermal/st/built-in.a
  CC      drivers/cpuidle/sysfs.o
  CC      drivers/cpuidle/governors/menu.o
  CC [M]  drivers/gpu/drm/mediatek/mtk_ddp_comp.o
  CC      drivers/cpufreq/cpufreq_stats.o
  AR      drivers/opp/built-in.a
  CC      drivers/cpufreq/cpufreq_powersave.o
  CC [M]  drivers/gpu/drm/mediatek/mtk_disp_aal.o
  AR      drivers/thermal/qcom/built-in.a
  AR      drivers/thermal/tegra/built-in.a
  AR      drivers/thermal/mediatek/built-in.a
  AR      drivers/thermal/built-in.a
  CC [M]  drivers/gpu/drm/mediatek/mtk_disp_ccorr.o
  CC [M]  drivers/gpu/drm/mediatek/mtk_disp_color.o
  CC [M]  drivers/gpu/drm/mediatek/mtk_disp_gamma.o
  AR      drivers/cpuidle/governors/built-in.a
  CC [M]  drivers/gpu/drm/mediatek/mtk_disp_merge.o
  CC      drivers/mmc/core/core.o
  CC      drivers/mmc/host/mtk-sd.o
  CC      drivers/cpufreq/cpufreq_userspace.o
  AR      drivers/usb/gadget/legacy/built-in.a
  AR      drivers/usb/gadget/built-in.a
  AR      drivers/usb/built-in.a
  AR      drivers/ufs/built-in.a
  CC      drivers/mmc/core/bus.o
  CC      drivers/mmc/host/cqhci-core.o
  CC      drivers/mmc/core/host.o
  AR      drivers/firmware/arm_ffa/built-in.a
  AR      drivers/firmware/arm_scmi/built-in.a
  AR      drivers/firmware/broadcom/built-in.a
  AR      drivers/firmware/cirrus/test/built-in.a
  AR      drivers/firmware/cirrus/built-in.a
  AR      drivers/firmware/meson/built-in.a
  AR      drivers/cpuidle/built-in.a
  AR      drivers/firmware/microchip/built-in.a
  AR      drivers/firmware/efi/built-in.a
  AR      drivers/firmware/imx/built-in.a
  CC      drivers/clocksource/timer-of.o
  AR      drivers/firmware/psci/built-in.a
  CC      drivers/clocksource/timer-probe.o
  AR      drivers/firmware/qcom/built-in.a
  AR      drivers/firmware/samsung/built-in.a
  CC      drivers/clocksource/mmio.o
  AR      drivers/firmware/smccc/built-in.a
  AR      drivers/firmware/tegra/built-in.a
  AR      drivers/firmware/xilinx/built-in.a
  AR      drivers/firmware/built-in.a
  CC      drivers/cpufreq/cpufreq_governor_attr_set.o
  CC      drivers/of/base.o
  CC      drivers/clocksource/timer-mediatek.o
  CC [M]  drivers/gpu/drm/mediatek/mtk_disp_ovl.o
  CC [M]  drivers/gpu/drm/mediatek/mtk_disp_ovl_adaptor.o
  CC [M]  drivers/gpu/drm/mediatek/mtk_disp_rdma.o
  CC [M]  drivers/gpu/drm/mediatek/mtk_drm_drv.o
  CC      drivers/cpufreq/cpufreq-dt.o
  CC [M]  drivers/gpu/drm/mediatek/mtk_dsi.o
  CC [M]  drivers/gpu/drm/mediatek/mtk_dpi.o
  CC      drivers/mmc/host/mmc_hsq.o
  CC      drivers/mmc/core/mmc.o
  CC      drivers/clocksource/timer-mediatek-cpux.o
  CC      drivers/mmc/core/mmc_ops.o
  CC      drivers/mmc/core/sd.o
  CC      drivers/mmc/core/sd_ops.o
  CC      drivers/of/cpu.o
  CC      drivers/of/device.o
  CC      drivers/clocksource/dummy_timer.o
  CC [M]  drivers/gpu/drm/mediatek/mtk_ethdr.o
  CC [M]  drivers/gpu/drm/mediatek/mtk_gem.o
  CC      drivers/cpufreq/cpufreq-dt-platdev.o
  AR      drivers/mmc/host/built-in.a
  CC      drivers/mmc/core/sdio.o
  CC      drivers/mmc/core/sdio_ops.o
  CC      drivers/mmc/core/sdio_bus.o
  CC [M]  drivers/gpu/drm/mediatek/mtk_mdp_rdma.o
  CC [M]  drivers/gpu/drm/mediatek/mtk_padding.o
  AR      drivers/cpufreq/built-in.a
  CC      drivers/of/module.o
  AR      drivers/clocksource/built-in.a
  CC      drivers/mmc/core/sdio_cis.o
  AR      drivers/platform/built-in.a
  CC      drivers/mmc/core/sdio_io.o
  CC [M]  drivers/gpu/drm/mediatek/mtk_plane.o
  CC      drivers/of/platform.o
  CC      drivers/of/property.o
  CC      drivers/of/kobj.o
  CC      drivers/iio/industrialio-core.o
  AR      drivers/hwtracing/intel_th/built-in.a
  CC      drivers/of/fdt.o
  DTC     drivers/of/empty_root.dtb
  CC      drivers/of/fdt_address.o
  CC      drivers/mmc/core/sdio_irq.o
  CC      drivers/mmc/core/sd_uhs2.o
  CC      drivers/of/address.o
  LD [M]  drivers/gpu/drm/mediatek/mediatek-drm.o
  AR      drivers/gpu/built-in.a
  CC      drivers/mmc/core/slot-gpio.o
  CC      drivers/of/irq.o
  CC      drivers/mmc/core/regulator.o
  CC      drivers/iio/industrialio-event.o
  CC      drivers/mmc/core/pwrseq.o
  CC      drivers/mmc/core/debugfs.o
  CC      drivers/iio/inkern.o
  AR      drivers/iio/accel/built-in.a
  CC      drivers/of/of_reserved_mem.o
  AR      drivers/iio/adc/built-in.a
  CC      drivers/mmc/core/block.o
  CC      drivers/mmc/core/queue.o
  WRAP    drivers/of/empty_root.dtb.S
  AR      drivers/android/built-in.a
  AS      drivers/of/empty_root.dtb.o
  AR      drivers/iio/addac/built-in.a
  AR      drivers/iio/afe/built-in.a
  AR      drivers/iio/amplifiers/built-in.a
  CC      drivers/nvmem/core.o
  CC      drivers/nvmem/layouts.o
  AR      drivers/nvmem/layouts/built-in.a
  CC      drivers/y2/clocks.o
  CC      drivers/y2/pinctrl.o
  CC      drivers/nvmem/mtk-efuse.o
  AR      drivers/iio/buffer/built-in.a
  AR      drivers/iio/cdc/built-in.a
  AR      drivers/iio/chemical/built-in.a
  AR      drivers/iio/common/cros_ec_sensors/built-in.a
  AR      drivers/iio/common/hid-sensors/built-in.a
  AR      drivers/iio/common/inv_sensors/built-in.a
  AR      drivers/iio/common/ms_sensors/built-in.a
  AR      drivers/iio/common/scmi_sensors/built-in.a
  AR      drivers/iio/common/ssp_sensors/built-in.a
  AR      drivers/iio/dac/built-in.a
  AR      drivers/iio/common/st_sensors/built-in.a
  AR      drivers/iio/dummy/built-in.a
  AR      drivers/iio/common/built-in.a
  CC      drivers/y2/pwrap.o
  CC      drivers/y2/apt32f-wheel.o
  CC      drivers/y2/keypad.o
  AR      drivers/iio/gyro/built-in.a
  CC      drivers/y2/backlight.o
  AR      drivers/iio/filter/built-in.a
  AR      drivers/iio/frequency/built-in.a
  AR      drivers/iio/health/built-in.a
  AR      drivers/of/built-in.a
  CC      drivers/y2/mm-clocks.o
  CC      drivers/y2/phy-mt6582.o
  AR      drivers/iio/humidity/built-in.a
  AR      drivers/iio/imu/bmi160/built-in.a
  CC      drivers/y2/panel.o
  AR      drivers/iio/imu/bmi270/built-in.a
  CC      drivers/y2/usb.o
  AR      drivers/iio/imu/bmi323/built-in.a
  AR      drivers/iio/imu/bno055/built-in.a
  AR      drivers/iio/imu/inv_icm42600/built-in.a
  AR      drivers/iio/imu/inv_mpu6050/built-in.a
  AR      drivers/iio/imu/st_lsm6dsx/built-in.a
  AR      drivers/iio/imu/st_lsm9ds0/built-in.a
  AR      drivers/iio/imu/built-in.a
  AR      drivers/nvmem/built-in.a
  AR      drivers/iio/light/built-in.a
  AR      drivers/iio/magnetometer/built-in.a
  CC      drivers/y2/mt6323-adc.o
  CC      drivers/y2/mt6323-charger.o
  AR      drivers/iio/multiplexer/built-in.a
  AR      drivers/iio/orientation/built-in.a
  AR      drivers/iio/position/built-in.a
  AR      drivers/iio/potentiometer/built-in.a
  CC      drivers/y2/thermal.o
  AR      drivers/iio/potentiostat/built-in.a
  AR      drivers/iio/pressure/built-in.a
  AR      drivers/iio/proximity/built-in.a
  AR      drivers/iio/resolver/built-in.a
  AR      drivers/mmc/core/built-in.a
  AR      drivers/iio/temperature/built-in.a
  AR      drivers/mmc/built-in.a
  AR      drivers/iio/test/built-in.a
  CC      drivers/y2/idle.o
  AR      drivers/iio/trigger/built-in.a
  AR      drivers/iio/built-in.a
/src/drivers/y2/mt6323-charger.c:536:50: error: array has incomplete element type 'const struct of_device_id'
  536 | static const struct of_device_id y2_charger_match[] = { { .compatible = "innioasis,y2-mt6323-charger" }, {} };
      |                                                  ^
/src/include/linux/device/driver.h:106:15: note: forward declaration of 'struct of_device_id'
  106 |         const struct of_device_id       *of_match_table;
      |                      ^
1 error generated.
make[5]: *** [/src/scripts/Makefile.build:287: drivers/y2/mt6323-charger.o] Error 1
make[5]: *** Waiting for unfinished jobs....
make[4]: *** [/src/scripts/Makefile.build:556: drivers/y2] Error 2
make[3]: *** [/src/scripts/Makefile.build:556: drivers] Error 2
make[2]: *** [/src/Makefile:2010: .] Error 2
make[1]: *** [/src/Makefile:248: __sub-make] Error 2
make[1]: Leaving directory '/build/kernel'
make: *** [Makefile:248: __sub-make] Error 2
make: Leaving directory '/src'
make: Entering directory '/src'
make[1]: Entering directory '/build/kernel'
  GEN     Makefile
#
# No change to .config
#
make[1]: Leaving directory '/build/kernel'
make: Leaving directory '/src'
Reviewed kernel configuration matches D08 and platform fragment.
make: Entering directory '/src'
make[1]: Entering directory '/build/kernel'
  GEN     Makefile
  CALL    /src/scripts/checksyscalls.sh
  CC      drivers/y2/mt6323-charger.o
  AR      drivers/y2/built-in.a
  AR      drivers/built-in.a
  AR      built-in.a
  AR      vmlinux.a
  LD      vmlinux.o
  MODPOST Module.symvers
  CC      .vmlinux.export.o
  CC [M]  drivers/gpu/drm/mediatek/mediatek-drm.mod.o
  CC [M]  .module-common.o
  LD [M]  drivers/gpu/drm/mediatek/mediatek-drm.ko
  UPD     include/generated/utsversion.h
  CC      init/version-timestamp.o
  KSYMS   .tmp_vmlinux0.kallsyms.S
  AS      .tmp_vmlinux0.kallsyms.o
  LD      .tmp_vmlinux1
  NM      .tmp_vmlinux1.syms
  KSYMS   .tmp_vmlinux1.kallsyms.S
  AS      .tmp_vmlinux1.kallsyms.o
  LD      .tmp_vmlinux2
  NM      .tmp_vmlinux2.syms
  KSYMS   .tmp_vmlinux2.kallsyms.S
  AS      .tmp_vmlinux2.kallsyms.o
  LD      vmlinux.unstripped
  NM      System.map
  SORTTAB vmlinux.unstripped
  OBJCOPY vmlinux
  GEN     modules.builtin.modinfo
  GEN     modules.builtin
  OBJCOPY arch/arm/boot/Image
  Kernel: arch/arm/boot/Image is ready
  LDS     arch/arm/boot/compressed/vmlinux.lds
  AS      arch/arm/boot/compressed/head.o
  GZIP    arch/arm/boot/compressed/piggy_data
  CC      arch/arm/boot/compressed/misc.o
  CC      arch/arm/boot/compressed/decompress.o
  CC      arch/arm/boot/compressed/string.o
  CC      arch/arm/boot/compressed/fdt_rw.o
  CC      arch/arm/boot/compressed/fdt_ro.o
  CC      arch/arm/boot/compressed/fdt_wip.o
  CC      arch/arm/boot/compressed/fdt.o
  CC      arch/arm/boot/compressed/fdt_check_mem_start.o
  AS      arch/arm/boot/compressed/lib1funcs.o
  AS      arch/arm/boot/compressed/ashldi3.o
  AS      arch/arm/boot/compressed/bswapsdi2.o
  AS      arch/arm/boot/compressed/piggy.o
  LD      arch/arm/boot/compressed/vmlinux
  OBJCOPY arch/arm/boot/zImage
  Kernel: arch/arm/boot/zImage is ready
make[1]: Leaving directory '/build/kernel'
make: Leaving directory '/src'
Y2DIAG SELFTEST ARM EABI OK
